Component: Arm Compiler for Embedded 6.18 Tool: armlink [5e4cc100]

==============================================================================

Section Cross References

    startup_stm32h750xx.o(STACK) refers (Special) to heapauxi.o(.text) for __use_two_region_memory
    startup_stm32h750xx.o(HEAP) refers (Special) to heapauxi.o(.text) for __use_two_region_memory
    startup_stm32h750xx.o(RESET) refers (Special) to heapauxi.o(.text) for __use_two_region_memory
    startup_stm32h750xx.o(RESET) refers to startup_stm32h750xx.o(STACK) for __initial_sp
    startup_stm32h750xx.o(RESET) refers to startup_stm32h750xx.o(.text) for Reset_Handler
    startup_stm32h750xx.o(RESET) refers to stm32h7xx_it.o(.text.NMI_Handler) for NMI_Handler
    startup_stm32h750xx.o(RESET) refers to stm32h7xx_it.o(.text.HardFault_Handler) for HardFault_Handler
    startup_stm32h750xx.o(RESET) refers to stm32h7xx_it.o(.text.MemManage_Handler) for MemManage_Handler
    startup_stm32h750xx.o(RESET) refers to stm32h7xx_it.o(.text.BusFault_Handler) for BusFault_Handler
    startup_stm32h750xx.o(RESET) refers to stm32h7xx_it.o(.text.UsageFault_Handler) for UsageFault_Handler
    startup_stm32h750xx.o(RESET) refers to stm32h7xx_it.o(.text.SVC_Handler) for SVC_Handler
    startup_stm32h750xx.o(RESET) refers to stm32h7xx_it.o(.text.DebugMon_Handler) for DebugMon_Handler
    startup_stm32h750xx.o(RESET) refers to stm32h7xx_it.o(.text.PendSV_Handler) for PendSV_Handler
    startup_stm32h750xx.o(RESET) refers to stm32h7xx_it.o(.text.SysTick_Handler) for SysTick_Handler
    startup_stm32h750xx.o(RESET) refers to stm32h7xx_it.o(.text.OTG_HS_EP1_OUT_IRQHandler) for OTG_HS_EP1_OUT_IRQHandler
    startup_stm32h750xx.o(RESET) refers to stm32h7xx_it.o(.text.OTG_HS_EP1_IN_IRQHandler) for OTG_HS_EP1_IN_IRQHandler
    startup_stm32h750xx.o(RESET) refers to stm32h7xx_it.o(.text.OTG_HS_IRQHandler) for OTG_HS_IRQHandler
    startup_stm32h750xx.o(.text) refers (Special) to heapauxi.o(.text) for __use_two_region_memory
    startup_stm32h750xx.o(.text) refers to system_stm32h7xx.o(.text.ExitRun0Mode) for ExitRun0Mode
    startup_stm32h750xx.o(.text) refers to system_stm32h7xx.o(.text.SystemInit) for SystemInit
    startup_stm32h750xx.o(.text) refers to __main.o(!!!main) for __main
    startup_stm32h750xx.o(.text) refers to startup_stm32h750xx.o(HEAP) for Heap_Mem
    startup_stm32h750xx.o(.text) refers to startup_stm32h750xx.o(STACK) for Stack_Mem
    main.o(.text.WinUSB_Receive_HS) refers to main.o(.bss.usb_rxne) for usb_rxne
    main.o(.text.WinUSB_Receive_HS) refers to main.o(.bss.usb_rx) for usb_rx
    main.o(.text.WinUSB_Receive_HS) refers to main.o(.bss.usb_tx) for usb_tx
    main.o(.text.WinUSB_Receive_HS) refers to usbd_cdc_if.o(.text.CDC_Transmit_HS) for CDC_Transmit_HS
    main.o(.ARM.exidx.text.WinUSB_Receive_HS) refers to main.o(.text.WinUSB_Receive_HS) for [Anonymous Symbol]
    main.o(.text.main) refers to main.o(.text.MPU_Config) for MPU_Config
    main.o(.text.main) refers to stm32h7xx_hal.o(.text.HAL_Init) for HAL_Init
    main.o(.text.main) refers to main.o(.text.SystemClock_Config) for SystemClock_Config
    main.o(.text.main) refers to main.o(.text.MX_GPIO_Init) for MX_GPIO_Init
    main.o(.text.main) refers to usb_device.o(.text.MX_USB_DEVICE_Init) for MX_USB_DEVICE_Init
    main.o(.text.main) refers to main.o(.text.WinUSB_Receive_HS) for WinUSB_Receive_HS
    main.o(.ARM.exidx.text.main) refers to main.o(.text.main) for [Anonymous Symbol]
    main.o(.text.MPU_Config) refers to stm32h7xx_hal_cortex.o(.text.HAL_MPU_Disable) for HAL_MPU_Disable
    main.o(.text.MPU_Config) refers to stm32h7xx_hal_cortex.o(.text.HAL_MPU_ConfigRegion) for HAL_MPU_ConfigRegion
    main.o(.text.MPU_Config) refers to stm32h7xx_hal_cortex.o(.text.HAL_MPU_Enable) for HAL_MPU_Enable
    main.o(.ARM.exidx.text.MPU_Config) refers to main.o(.text.MPU_Config) for [Anonymous Symbol]
    main.o(.text.SystemClock_Config) refers to rt_memclr_w.o(.text) for __aeabi_memclr4
    main.o(.text.SystemClock_Config) refers to stm32h7xx_hal_pwr_ex.o(.text.HAL_PWREx_ConfigSupply) for HAL_PWREx_ConfigSupply
    main.o(.text.SystemClock_Config) refers to stm32h7xx_hal_rcc.o(.text.HAL_RCC_OscConfig) for HAL_RCC_OscConfig
    main.o(.text.SystemClock_Config) refers to main.o(.text.Error_Handler) for Error_Handler
    main.o(.text.SystemClock_Config) refers to stm32h7xx_hal_rcc.o(.text.HAL_RCC_ClockConfig) for HAL_RCC_ClockConfig
    main.o(.ARM.exidx.text.SystemClock_Config) refers to main.o(.text.SystemClock_Config) for [Anonymous Symbol]
    main.o(.ARM.exidx.text.MX_GPIO_Init) refers to main.o(.text.MX_GPIO_Init) for [Anonymous Symbol]
    main.o(.ARM.exidx.text.Error_Handler) refers to main.o(.text.Error_Handler) for [Anonymous Symbol]
    stm32h7xx_it.o(.ARM.exidx.text.NMI_Handler) refers to stm32h7xx_it.o(.text.NMI_Handler) for [Anonymous Symbol]
[...]
    _fp_trap_init                             - Undefined Weak Reference
    _fp_trap_shutdown                         - Undefined Weak Reference
    _get_lc_collate                           - Undefined Weak Reference
    _get_lc_ctype                             - Undefined Weak Reference
    _get_lc_monetary                          - Undefined Weak Reference
    _get_lc_numeric                           - Undefined Weak Reference
    _get_lc_time                              - Undefined Weak Reference
    _getenv_init                              - Undefined Weak Reference
    _handle_redirection                       - Undefined Weak Reference
    _init_alloc                               - Undefined Weak Reference
    _init_user_alloc                          - Undefined Weak Reference
    _initio                                   - Undefined Weak Reference
    _rand_init                                - Undefined Weak Reference
    _signal_finish                            - Undefined Weak Reference
    _signal_init                              - Undefined Weak Reference
    _terminate_alloc                          - Undefined Weak Reference
    _terminate_user_alloc                     - Undefined Weak Reference
    _terminateio                              - Undefined Weak Reference
    __Vectors_Size                           0x00000298   Number         0  startup_stm32h750xx.o ABSOLUTE
    __Vectors                                0x08000000   Data           4  startup_stm32h750xx.o(RESET)
    __Vectors_End                            0x08000298   Data           0  startup_stm32h750xx.o(RESET)
    __main                                   0x08000299   Thumb Code     8  __main.o(!!!main)
    __scatterload                            0x080002a1   Thumb Code     0  __scatter.o(!!!scatter)
    __scatterload_rt2                        0x080002a1   Thumb Code    44  __scatter.o(!!!scatter)
    __scatterload_rt2_thumb_only             0x080002a1   Thumb Code     0  __scatter.o(!!!scatter)
    __scatterload_null                       0x080002af   Thumb Code     0  __scatter.o(!!!scatter)
    __decompress                             0x080002d5   Thumb Code    90  __dczerorl2.o(!!dczerorl2)
    __decompress1                            0x080002d5   Thumb Code     0  __dczerorl2.o(!!dczerorl2)
    __scatterload_zeroinit                   0x08000331   Thumb Code    28  __scatter_zi.o(!!handler_zi)
    __rt_lib_init                            0x0800034d   Thumb Code     0  libinit.o(.ARM.Collect$$libinit$$00000000)
    __rt_lib_init_fp_1                       0x0800034f   Thumb Code     0  libinit2.o(.ARM.Collect$$libinit$$00000001)
    __rt_lib_init_alloca_1                   0x08000353   Thumb Code     0  libinit2.o(.ARM.Collect$$libinit$$00000030)
    __rt_lib_init_argv_1                     0x08000353   Thumb Code     0  libinit2.o(.ARM.Collect$$libinit$$0000002E)
    __rt_lib_init_atexit_1                   0x08000353   Thumb Code     0  libinit2.o(.ARM.Collect$$libinit$$0000001D)
    __rt_lib_init_clock_1                    0x08000353   Thumb Code     0  libinit2.o(.ARM.Collect$$libinit$$00000023)
    __rt_lib_init_cpp_1                      0x08000353   Thumb Code     0  libinit2.o(.ARM.Collect$$libinit$$00000034)
    __rt_lib_init_exceptions_1               0x08000353   Thumb Code     0  libinit2.o(.ARM.Collect$$libinit$$00000032)
    __rt_lib_init_fp_trap_1                  0x08000353   Thumb Code     0  libinit2.o(.ARM.Collect$$libinit$$00000021)
    __rt_lib_init_getenv_1                   0x08000353   Thumb Code     0  libinit2.o(.ARM.Collect$$libinit$$00000025)
    __rt_lib_init_heap_1                     0x08000353   Thumb Code     0  libinit2.o(.ARM.Collect$$libinit$$0000000C)
    __rt_lib_init_lc_collate_1               0x08000353   Thumb Code     0  libinit2.o(.ARM.Collect$$libinit$$00000013)
    __rt_lib_init_lc_ctype_1                 0x08000353   Thumb Code     0  libinit2.o(.ARM.Collect$$libinit$$00000015)
    __rt_lib_init_lc_monetary_1              0x08000353   Thumb Code     0  libinit2.o(.ARM.Collect$$libinit$$00000017)
    __rt_lib_init_lc_numeric_1               0x08000353   Thumb Code     0  libinit2.o(.ARM.Collect$$libinit$$00000019)
    __rt_lib_init_lc_time_1                  0x08000353   Thumb Code     0  libinit2.o(.ARM.Collect$$libinit$$0000001B)
    __rt_lib_init_preinit_1                  0x08000353   Thumb Code     0  libinit2.o(.ARM.Collect$$libinit$$00000006)
    __rt_lib_init_rand_1                     0x08000353   Thumb Code     0  libinit2.o(.ARM.Collect$$libinit$$00000010)
    __rt_lib_init_relocate_pie_1             0x08000353   Thumb Code     0  libinit2.o(.ARM.Collect$$libinit$$00000004)
    __rt_lib_init_return                     0x08000353   Thumb Code     0  libinit2.o(.ARM.Collect$$libinit$$00000035)
    __rt_lib_init_signal_1                   0x08000353   Thumb Code     0  libinit2.o(.ARM.Collect$$libinit$$0000001F)
    __rt_lib_init_stdio_1                    0x08000353   Thumb Code     0  libinit2.o(.ARM.Collect$$libinit$$00000027)
    __rt_lib_init_user_alloc_1               0x08000353   Thumb Code     0  libinit2.o(.ARM.Collect$$libinit$$0000000E)
    __rt_lib_shutdown                        0x08000355   Thumb Code     0  libshutdown.o(.ARM.Collect$$libshutdown$$00000000)
    __rt_lib_shutdown_cpp_1                  0x08000357   Thumb Code     0  libshutdown2.o(.ARM.Collect$$libshutdown$$00000002)
    __rt_lib_shutdown_fp_trap_1              0x08000357   Thumb Code     0  libshutdown2.o(.ARM.Collect$$libshutdown$$00000007)
    __rt_lib_shutdown_heap_1                 0x08000357   Thumb Code     0  libshutdown2.o(.ARM.Collect$$libshutdown$$0000000F)
    __rt_lib_shutdown_return                 0x08000357   Thumb Code     0  libshutdown2.o(.ARM.Collect$$libshutdown$$00000010)
    __rt_lib_shutdown_signal_1               0x08000357   Thumb Code     0  libshutdown2.o(.ARM.Collect$$libshutdown$$0000000A)
    __rt_lib_shutdown_stdio_1                0x08000357   Thumb Code     0  libshutdown2.o(.ARM.Collect$$libshutdown$$00000004)
    __rt_lib_shutdown_user_alloc_1           0x08000357   Thumb Code     0  libshutdown2.o(.ARM.Collect$$libshutdown$$0000000C)
    __rt_entry                               0x08000359   Thumb Code     0  __rtentry.o(.ARM.Collect$$rtentry$$00000000)
    __rt_entry_presh_1                       0x08000359   Thumb Code     0  __rtentry2.o(.ARM.Collect$$rtentry$$00000002)
    __rt_entry_sh                            0x08000359   Thumb Code     0  __rtentry4.o(.ARM.Collect$$rtentry$$00000004)
    __rt_entry_li                            0x0800035f   Thumb Code     0  __rtentry2.o(.ARM.Collect$$rtentry$$0000000A)
    __rt_entry_postsh_1                      0x0800035f   Thumb Code     0  __rtentry2.o(.ARM.Collect$$rtentry$$00000009)
    __rt_entry_main                          0x08000363   Thumb Code     0  __rtentry2.o(.ARM.Collect$$rtentry$$0000000D)
    __rt_entry_postli_1                      0x08000363   Thumb Code     0  __rtentry2.o(.ARM.Collect$$rtentry$$0000000C)
    __rt_exit                                0x0800036b   Thumb Code     0  rtexit.o(.ARM.Collect$$rtexit$$00000000)
    __rt_exit_ls                             0x0800036d   Thumb Code     0  rtexit2.o(.ARM.Collect$$rtexit$$00000003)
    __rt_exit_prels_1                        0x0800036d   Thumb Code     0  rtexit2.o(.ARM.Collect$$rtexit$$00000002)
    __rt_exit_exit                           0x08000371   Thumb Code     0  rtexit2.o(.ARM.Collect$$rtexit$$00000004)
    Reset_Handler                            0x08000379   Thumb Code    12  startup_stm32h750xx.o(.text)
    ADC3_IRQHandler                          0x08000397   Thumb Code     0  startup_stm32h750xx.o(.text)
    ADC_IRQHandler                           0x08000397   Thumb Code     0  startup_stm32h750xx.o(.text)
    BDMA_Channel0_IRQHandler                 0x08000397   Thumb Code     0  startup_stm32h750xx.o(.text)
    BDMA_Channel1_IRQHandler                 0x08000397   Thumb Code     0  startup_stm32h750xx.o(.text)
    BDMA_Channel2_IRQHandler                 0x08000397   Thumb Code     0  startup_stm32h750xx.o(.text)
    BDMA_Channel3_IRQHandler                 0x08000397   Thumb Code     0  startup_stm32h750xx.o(.text)
    BDMA_Channel4_IRQHandler                 0x08000397   Thumb Code     0  startup_stm32h750xx.o(.text)
    BDMA_Channel5_IRQHandler                 0x08000397   Thumb Code     0  startup_stm32h750xx.o(.text)
    BDMA_Channel6_IRQHandler                 0x08000397   Thumb Code     0  startup_stm32h750xx.o(.text)
    BDMA_Channel7_IRQHandler                 0x08000397   Thumb Code     0  startup_stm32h750xx.o(.text)
    CEC_IRQHandler                           0x08000397   Thumb Code     0  startup_stm32h750xx.o(.text)
    COMP1_IRQHandler                         0x08000397   Thumb Code     0  startup_stm32h750xx.o(.text)
    CRS_IRQHandler                           0x08000397   Thumb Code     0  startup_stm32h750xx.o(.text)
    CRYP_IRQHandler                          0x08000397   Thumb Code     0  startup_stm32h750xx.o(.text)
    DCMI_IRQHandler                          0x08000397   Thumb Code     0  startup_stm32h750xx.o(.text)
    DFSDM1_FLT0_IRQHandler                   0x08000397   Thumb Code     0  startup_stm32h750xx.o(.text)
    DFSDM1_FLT1_IRQHandler                   0x08000397   Thumb Code     0  startup_stm32h750xx.o(.text)
    DFSDM1_FLT2_IRQHandler                   0x08000397   Thumb Code     0  startup_stm32h750xx.o(.text)
    DFSDM1_FLT3_IRQHandler                   0x08000397   Thumb Code     0  startup_stm32h750xx.o(.text)
    DMA1_Stream0_IRQHandler                  0x08000397   Thumb Code     0  startup_stm32h750xx.o(.text)
    DMA1_Stream1_IRQHandler                  0x08000397   Thumb Code     0  startup_stm32h750xx.o(.text)
    DMA1_Stream2_IRQHandler                  0x08000397   Thumb Code     0  startup_stm32h750xx.o(.text)
    DMA1_Stream3_IRQHandler                  0x08000397   Thumb Code     0  startup_stm32h750xx.o(.text)
    DMA1_Stream4_IRQHandler                  0x08000397   Thumb Code     0  startup_stm32h750xx.o(.text)
    DMA1_Stream5_IRQHandler                  0x08000397   Thumb Code     0  startup_stm32h750xx.o(.text)
    DMA1_Stream6_IRQHandler                  0x08000397   Thumb Code     0  startup_stm32h750xx.o(.text)
    DMA1_Stream7_IRQHandler                  0x08000397   Thumb Code     0  startup_stm32h750xx.o(.text)
    DMA2D_IRQHandler                         0x08000397   Thumb Code     0  startup_stm32h750xx.o(.text)
    DMA2_Stream0_IRQHandler                  0x08000397   Thumb Code     0  startup_stm32h750xx.o(.text)
    DMA2_Stream1_IRQHandler                  0x08000397   Thumb Code     0  startup_stm32h750xx.o(.text)
    DMA2_Stream2_IRQHandler                  0x08000397   Thumb Code     0  startup_stm32h750xx.o(.text)
    DMA2_Stream3_IRQHandler                  0x08000397   Thumb Code     0  startup_stm32h750xx.o(.text)
    DMA2_Stream4_IRQHandler                  0x08000397   Thumb Code     0  startup_stm32h750xx.o(.text)
    DMA2_Stream5_IRQHandler                  0x08000397   Thumb Code     0  startup_stm32h750xx.o(.text)
    DMA2_Stream6_IRQHandler                  0x08000397   Thumb Code     0  startup_stm32h750xx.o(.text)
    DMA2_Stream7_IRQHandler                  0x08000397   Thumb Code     0  startup_stm32h750xx.o(.text)
    DMAMUX1_OVR_IRQHandler                   0x08000397   Thumb Code     0  startup_stm32h750xx.o(.text)
    DMAMUX2_OVR_IRQHandler                   0x08000397   Thumb Code     0  startup_stm32h750xx.o(.text)
    ECC_IRQHandler                           0x08000397   Thumb Code     0  startup_stm32h750xx.o(.text)
    ETH_IRQHandler                           0x08000397   Thumb Code     0  startup_stm32h750xx.o(.text)
    ETH_WKUP_IRQHandler                      0x08000397   Thumb Code     0  startup_stm32h750xx.o(.text)
    EXTI0_IRQHandler                         0x08000397   Thumb Code     0  startup_stm32h750xx.o(.text)
    EXTI15_10_IRQHandler                     0x08000397   Thumb Code     0  startup_stm32h750xx.o(.text)
    EXTI1_IRQHandler                         0x08000397   Thumb Code     0  startup_stm32h750xx.o(.text)
    EXTI2_IRQHandler                         0x08000397   Thumb Code     0  startup_stm32h750xx.o(.text)
    EXTI3_IRQHandler                         0x08000397   Thumb Code     0  startup_stm32h750xx.o(.text)
    EXTI4_IRQHandler                         0x08000397   Thumb Code     0  startup_stm32h750xx.o(.text)
    EXTI9_5_IRQHandler                       0x08000397   Thumb Code     0  startup_stm32h750xx.o(.text)
    FDCAN1_IT0_IRQHandler                    0x08000397   Thumb Code     0  startup_stm32h750xx.o(.text)
    FDCAN1_IT1_IRQHandler                    0x08000397   Thumb Code     0  startup_stm32h750xx.o(.text)
    FDCAN2_IT0_IRQHandler                    0x08000397   Thumb Code     0  startup_stm32h750xx.o(.text)
    FDCAN2_IT1_IRQHandler                    0x08000397   Thumb Code     0  startup_stm32h750xx.o(.text)
    FDCAN_CAL_IRQHandler                     0x08000397   Thumb Code     0  startup_stm32h750xx.o(.text)
    FLASH_IRQHandler                         0x08000397   Thumb Code     0  startup_stm32h750xx.o(.text)
    FMC_IRQHandler                           0x08000397   Thumb Code     0  startup_stm32h750xx.o(.text)
    FPU_IRQHandler                           0x08000397   Thumb Code     0  startup_stm32h750xx.o(.text)
    HASH_RNG_IRQHandler                      0x08000397   Thumb Code     0  startup_stm32h750xx.o(.text)
    HRTIM1_FLT_IRQHandler                    0x08000397   Thumb Code     0  startup_stm32h750xx.o(.text)
    HRTIM1_Master_IRQHandler                 0x08000397   Thumb Code     0  startup_stm32h750xx.o(.text)
    HRTIM1_TIMA_IRQHandler                   0x08000397   Thumb Code     0  startup_stm32h750xx.o(.text)
    HRTIM1_TIMB_IRQHandler                   0x08000397   Thumb Code     0  startup_stm32h750xx.o(.text)
    HRTIM1_TIMC_IRQHandler                   0x08000397   Thumb Code     0  startup_stm32h750xx.o(.text)
    HRTIM1_TIMD_IRQHandler                   0x08000397   Thumb Code     0  startup_stm32h750xx.o(.text)
    HRTIM1_TIME_IRQHandler                   0x08000397   Thumb Code     0  startup_stm32h750xx.o(.text)
    HSEM1_IRQHandler                         0x08000397   Thumb Code     0  startup_stm32h750xx.o(.text)
    I2C1_ER_IRQHandler                       0x08000397   Thumb Code     0  startup_stm32h750xx.o(.text)
    I2C1_EV_IRQHandler                       0x08000397   Thumb Code     0  startup_stm32h750xx.o(.text)
    I2C2_ER_IRQHandler                       0x08000397   Thumb Code     0  startup_stm32h750xx.o(.text)
    I2C2_EV_IRQHandler                       0x08000397   Thumb Code     0  startup_stm32h750xx.o(.text)
    I2C3_ER_IRQHandler                       0x08000397   Thumb Code     0  startup_stm32h750xx.o(.text)
    I2C3_EV_IRQHandler                       0x08000397   Thumb Code     0  startup_stm32h750xx.o(.text)
    I2C4_ER_IRQHandler                       0x08000397   Thumb Code     0  startup_stm32h750xx.o(.text)
    I2C4_EV_IRQHandler                       0x08000397   Thumb Code     0  startup_stm32h750xx.o(.text)
    JPEG_IRQHandler                          0x08000397   Thumb Code     0  startup_stm32h750xx.o(.text)
    LPTIM1_IRQHandler                        0x08000397   Thumb Code     0  startup_stm32h750xx.o(.text)
    LPTIM2_IRQHandler                        0x08000397   Thumb Code     0  startup_stm32h750xx.o(.text)
    LPTIM3_IRQHandler                        0x08000397   Thumb Code     0  startup_stm32h750xx.o(.text)
    LPTIM4_IRQHandler                        0x08000397   Thumb Code     0  startup_stm32h750xx.o(.text)
    LPTIM5_IRQHandler                        0x08000397   Thumb Code     0  startup_stm32h750xx.o(.text)
    LPUART1_IRQHandler                       0x08000397   Thumb Code     0  startup_stm32h750xx.o(.text)
    LTDC_ER_IRQHandler                       0x08000397   Thumb Code     0  startup_stm32h750xx.o(.text)
    LTDC_IRQHandler                          0x08000397   Thumb Code     0  startup_stm32h750xx.o(.text)
    MDIOS_IRQHandler                         0x08000397   Thumb Code     0  startup_stm32h750xx.o(.text)
    MDIOS_WKUP_IRQHandler                    0x08000397   Thumb Code     0  startup_stm32h750xx.o(.text)
    MDMA_IRQHandler                          0x08000397   Thumb Code     0  startup_stm32h750xx.o(.text)
    OTG_FS_EP1_IN_IRQHandler                 0x08000397   Thumb Code     0  startup_stm32h750xx.o(.text)
    OTG_FS_EP1_OUT_IRQHandler                0x08000397   Thumb Code     0  startup_stm32h750xx.o(.text)
    OTG_FS_IRQHandler                        0x08000397   Thumb Code     0  startup_stm32h750xx.o(.text)
    OTG_FS_WKUP_IRQHandler                   0x08000397   Thumb Code     0  startup_stm32h750xx.o(.text)
    OTG_HS_WKUP_IRQHandler                   0x08000397   Thumb Code     0  startup_stm32h750xx.o(.text)
    PVD_AVD_IRQHandler                       0x08000397   Thumb Code     0  startup_stm32h750xx.o(.text)
    QUADSPI_IRQHandler                       0x08000397   Thumb Code     0  startup_stm32h750xx.o(.text)
    RCC_IRQHandler                           0x08000397   Thumb Code     0  startup_stm32h750xx.o(.text)
    RTC_Alarm_IRQHandler                     0x08000397   Thumb Code     0  startup_stm32h750xx.o(.text)
    RTC_WKUP_IRQHandler                      0x08000397   Thumb Code     0  startup_stm32h750xx.o(.text)
    SAI1_IRQHandler                          0x08000397   Thumb Code     0  startup_stm32h750xx.o(.text)
    SAI2_IRQHandler                          0x08000397   Thumb Code     0  startup_stm32h750xx.o(.text)
    SAI3_IRQHandler                          0x08000397   Thumb Code     0  startup_stm32h750xx.o(.text)
    SAI4_IRQHandler                          0x08000397   Thumb Code     0  startup_stm32h750xx.o(.text)
    SDMMC1_IRQHandler                        0x08000397   Thumb Code     0  startup_stm32h750xx.o(.text)
    SDMMC2_IRQHandler                        0x08000397   Thumb Code     0  startup_stm32h750xx.o(.text)
    SPDIF_RX_IRQHandler                      0x08000397   Thumb Code     0  startup_stm32h750xx.o(.text)
    SPI1_IRQHandler                          0x08000397   Thumb Code     0  startup_stm32h750xx.o(.text)
    SPI2_IRQHandler                          0x08000397   Thumb Code     0  startup_stm32h750xx.o(.text)
    SPI3_IRQHandler                          0x08000397   Thumb Code     0  startup_stm32h750xx.o(.text)
    SPI4_IRQHandler                          0x08000397   Thumb Code     0  startup_stm32h750xx.o(.text)
    SPI5_IRQHandler                          0x08000397   Thumb Code     0  startup_stm32h750xx.o(.text)
    SPI6_IRQHandler                          0x08000397   Thumb Code     0  startup_stm32h750xx.o(.text)
    SWPMI1_IRQHandler                        0x08000397   Thumb Code     0  startup_stm32h750xx.o(.text)
    TAMP_STAMP_IRQHandler                    0x08000397   Thumb Code     0  startup_stm32h750xx.o(.text)
    TIM15_IRQHandler                         0x08000397   Thumb Code     0  startup_stm32h750xx.o(.text)
    TIM16_IRQHandler                         0x08000397   Thumb Code     0  startup_stm32h750xx.o(.text)
    TIM17_IRQHandler                         0x08000397   Thumb Code     0  startup_stm32h750xx.o(.text)
    TIM1_BRK_IRQHandler                      0x08000397   Thumb Code     0  startup_stm32h750xx.o(.text)
    TIM1_CC_IRQHandler                       0x08000397   Thumb Code     0  startup_stm32h750xx.o(.text)
    TIM1_TRG_COM_IRQHandler                  0x08000397   Thumb Code     0  startup_stm32h750xx.o(.text)
    TIM1_UP_IRQHandler                       0x08000397   Thumb Code     0  startup_stm32h750xx.o(.text)
    TIM2_IRQHandler                          0x08000397   Thumb Code     0  startup_stm32h750xx.o(.text)
    TIM3_IRQHandler                          0x08000397   Thumb Code     0  startup_stm32h750xx.o(.text)
    TIM4_IRQHandler                          0x08000397   Thumb Code     0  startup_stm32h750xx.o(.text)
    TIM5_IRQHandler                          0x08000397   Thumb Code     0  startup_stm32h750xx.o(.text)
    TIM6_DAC_IRQHandler                      0x08000397   Thumb Code     0  startup_stm32h750xx.o(.text)
    TIM7_IRQHandler                          0x08000397   Thumb Code     0  startup_stm32h750xx.o(.text)
    TIM8_BRK_TIM12_IRQHandler                0x08000397   Thumb Code     0  startup_stm32h750xx.o(.text)
    TIM8_CC_IRQHandler                       0x08000397   Thumb Code     0  startup_stm32h750xx.o(.text)
    TIM8_TRG_COM_TIM14_IRQHandler            0x08000397   Thumb Code     0  startup_stm32h750xx.o(.text)
    TIM8_UP_TIM13_IRQHandler                 0x08000397   Thumb Code     0  startup_stm32h750xx.o(.text)
    UART4_IRQHandler                         0x08000397   Thumb Code     0  startup_stm32h750xx.o(.text)
    UART5_IRQHandler                         0x08000397   Thumb Code     0  startup_stm32h750xx.o(.text)
    UART7_IRQHandler                         0x08000397   Thumb Code     0  startup_stm32h750xx.o(.text)
    UART8_IRQHandler                         0x08000397   Thumb Code     0  startup_stm32h750xx.o(.text)
    USART1_IRQHandler                        0x08000397   Thumb Code     0  startup_stm32h750xx.o(.text)
    USART2_IRQHandler                        0x08000397   Thumb Code     0  startup_stm32h750xx.o(.text)
    USART3_IRQHandler                        0x08000397   Thumb Code     0  startup_stm32h750xx.o(.text)
    USART6_IRQHandler                        0x08000397   Thumb Code     0  startup_stm32h750xx.o(.text)
    WAKEUP_PIN_IRQHandler                    0x08000397   Thumb Code     0  startup_stm32h750xx.o(.text)
    WWDG_IRQHandler                          0x08000397   Thumb Code     0  startup_stm32h750xx.o(.text)
    __user_initial_stackheap                 0x08000399   Thumb Code     0  startup_stm32h750xx.o(.text)
    __aeabi_memclr4                          0x080003c1   Thumb Code     0  rt_memclr_w.o(.text)
    __aeabi_memclr8                          0x080003c1   Thumb Code     0  rt_memclr_w.o(.text)
    __rt_memclr_w                            0x080003c1   Thumb Code     0  rt_memclr_w.o(.text)
    _memset_w                                0x080003c5   Thumb Code    74  rt_memclr_w.o(.text)
    __use_two_region_memory                  0x0800040f   Thumb Code     2  heapauxi.o(.text)
    __rt_heap_escrow$2region                 0x08000411   Thumb Code     2  heapauxi.o(.text)
    __rt_heap_expand$2region                 0x08000413   Thumb Code     2  heapauxi.o(.text)
    __user_setup_stackheap                   0x08000415   Thumb Code    74  sys_stackheap_outer.o(.text)
    exit                                     0x0800045f   Thumb Code    18  exit.o(.text)
    __user_libspace                          0x08000471   Thumb Code     8  libspace.o(.text)
    __user_perproc_libspace                  0x08000471   Thumb Code     0  libspace.o(.text)
    __user_perthread_libspace                0x08000471   Thumb Code     0  libspace.o(.text)
    _sys_exit                                0x08000479   Thumb Code     8  sys_exit.o(.text)
    __I$use$semihosting                      0x08000485   Thumb Code     0  use_no_semi.o(.text)
    __use_no_semihosting_swi                 0x08000485   Thumb Code     2  use_no_semi.o(.text)
    __semihosting_library_function           0x08000487   Thumb Code     0  indicate_semi.o(.text)
    BusFault_Handler                         0x08000489   Thumb Code     4  stm32h7xx_it.o(.text.BusFault_Handler)
    CDC_Transmit_HS                          0x08000571   Thumb Code    96  usbd_cdc_if.o(.text.CDC_Transmit_HS)
    DebugMon_Handler                         0x080005d1   Thumb Code     2  stm32h7xx_it.o(.text.DebugMon_Handler)
    Error_Handler                            0x080005d9   Thumb Code    14  main.o(.text.Error_Handler)
    ExitRun0Mode                             0x080005e9   Thumb Code    40  system_stm32h7xx.o(.text.ExitRun0Mode)
    HAL_Delay                                0x08000671   Thumb Code    66  stm32h7xx_hal.o(.text.HAL_Delay)
    HAL_GPIO_Init                            0x080006b9   Thumb Code   964  stm32h7xx_hal_gpio.o(.text.HAL_GPIO_Init)
    HAL_GetREVID                             0x08000a81   Thumb Code    14  stm32h7xx_hal.o(.text.HAL_GetREVID)
    HAL_GetTick                              0x08000a91   Thumb Code    12  stm32h7xx_hal.o(.text.HAL_GetTick)
    HAL_IncTick                              0x08000aa1   Thumb Code    26  stm32h7xx_hal.o(.text.HAL_IncTick)
    HAL_Init                                 0x08000ac1   Thumb Code   122  stm32h7xx_hal.o(.text.HAL_Init)
    HAL_InitTick                             0x08000b41   Thumb Code   134  stm32h7xx_hal.o(.text.HAL_InitTick)
    HAL_MPU_ConfigRegion                     0x08000bc9   Thumb Code   128  stm32h7xx_hal_cortex.o(.text.HAL_MPU_ConfigRegion)
    HAL_MPU_Disable                          0x08000c49   Thumb Code    34  stm32h7xx_hal_cortex.o(.text.HAL_MPU_Disable)
    HAL_MPU_Enable                           0x08000c71   Thumb Code    48  stm32h7xx_hal_cortex.o(.text.HAL_MPU_Enable)
    HAL_MspInit                              0x08000ca1   Thumb Code    36  stm32h7xx_hal_msp.o(.text.HAL_MspInit)
    HAL_NVIC_EnableIRQ                       0x08000cc9   Thumb Code    20  stm32h7xx_hal_cortex.o(.text.HAL_NVIC_EnableIRQ)
    HAL_NVIC_SetPriority                     0x08000ce1   Thumb Code    46  stm32h7xx_hal_cortex.o(.text.HAL_NVIC_SetPriority)
    HAL_NVIC_SetPriorityGrouping             0x08000d11   Thumb Code    16  stm32h7xx_hal_cortex.o(.text.HAL_NVIC_SetPriorityGrouping)
    HAL_PCDEx_ActivateLPM                    0x08000d21   Thumb Code    54  stm32h7xx_hal_pcd_ex.o(.text.HAL_PCDEx_ActivateLPM)
    HAL_PCDEx_LPM_Callback                   0x08000d59   Thumb Code    12  stm32h7xx_hal_pcd_ex.o(.text.HAL_PCDEx_LPM_Callback)
    HAL_PCDEx_SetRxFiFo                      0x08000d69   Thumb Code    24  stm32h7xx_hal_pcd_ex.o(.text.HAL_PCDEx_SetRxFiFo)
    HAL_PCDEx_SetTxFiFo                      0x08000d81   Thumb Code   156  stm32h7xx_hal_pcd_ex.o(.text.HAL_PCDEx_SetTxFiFo)
    HAL_PCD_ConnectCallback                  0x08000e21   Thumb Code    20  usbd_conf.o(.text.HAL_PCD_ConnectCallback)
    HAL_PCD_DataInStageCallback              0x08000e39   Thumb Code    38  usbd_conf.o(.text.HAL_PCD_DataInStageCallback)
    HAL_PCD_DataOutStageCallback             0x08000e61   Thumb Code    40  usbd_conf.o(.text.HAL_PCD_DataOutStageCallback)
    HAL_PCD_DisconnectCallback               0x08000e89   Thumb Code    20  usbd_conf.o(.text.HAL_PCD_DisconnectCallback)
    HAL_PCD_EP_Abort                         0x08000ea1   Thumb Code    94  stm32h7xx_hal_pcd.o(.text.HAL_PCD_EP_Abort)
    HAL_PCD_EP_Close                         0x08000f01   Thumb Code   168  stm32h7xx_hal_pcd.o(.text.HAL_PCD_EP_Close)
    HAL_PCD_EP_ClrStall                      0x08000fa9   Thumb Code   200  stm32h7xx_hal_pcd.o(.text.HAL_PCD_EP_ClrStall)
    HAL_PCD_EP_GetRxCount                    0x08001071   Thumb Code    34  stm32h7xx_hal_pcd.o(.text.HAL_PCD_EP_GetRxCount)
    HAL_PCD_EP_Open                          0x08001099   Thumb Code   238  stm32h7xx_hal_pcd.o(.text.HAL_PCD_EP_Open)
    HAL_PCD_EP_Receive                       0x08001189   Thumb Code   108  stm32h7xx_hal_pcd.o(.text.HAL_PCD_EP_Receive)
    HAL_PCD_EP_SetStall                      0x080011f9   Thumb Code   222  stm32h7xx_hal_pcd.o(.text.HAL_PCD_EP_SetStall)
    HAL_PCD_EP_Transmit                      0x080012d9   Thumb Code   108  stm32h7xx_hal_pcd.o(.text.HAL_PCD_EP_Transmit)
    HAL_PCD_IRQHandler                       0x08001349   Thumb Code  2186  stm32h7xx_hal_pcd.o(.text.HAL_PCD_IRQHandler)
    HAL_PCD_ISOINIncompleteCallback          0x08001bd9   Thumb Code    28  usbd_conf.o(.text.HAL_PCD_ISOINIncompleteCallback)
    HAL_PCD_ISOOUTIncompleteCallback         0x08001bf9   Thumb Code    28  usbd_conf.o(.text.HAL_PCD_ISOOUTIncompleteCallback)
    HAL_PCD_Init                             0x08001c19   Thumb Code   570  stm32h7xx_hal_pcd.o(.text.HAL_PCD_Init)
    HAL_PCD_MspInit                          0x08001e59   Thumb Code   402  usbd_conf.o(.text.HAL_PCD_MspInit)
    HAL_PCD_ResetCallback                    0x08001ff1   Thumb Code    82  usbd_conf.o(.text.HAL_PCD_ResetCallback)
    HAL_PCD_ResumeCallback                   0x08002049   Thumb Code    20  usbd_conf.o(.text.HAL_PCD_ResumeCallback)
    HAL_PCD_SOFCallback                      0x08002061   Thumb Code    20  usbd_conf.o(.text.HAL_PCD_SOFCallback)
    HAL_PCD_SetAddress                       0x08002079   Thumb Code    92  stm32h7xx_hal_pcd.o(.text.HAL_PCD_SetAddress)
    HAL_PCD_SetupStageCallback               0x080020d9   Thumb Code    24  usbd_conf.o(.text.HAL_PCD_SetupStageCallback)
    HAL_PCD_Start                            0x080020f1   Thumb Code   124  stm32h7xx_hal_pcd.o(.text.HAL_PCD_Start)
    HAL_PCD_SuspendCallback                  0x08002171   Thumb Code    62  usbd_conf.o(.text.HAL_PCD_SuspendCallback)
    HAL_PWREx_ConfigSupply                   0x080021b1   Thumb Code   162  stm32h7xx_hal_pwr_ex.o(.text.HAL_PWREx_ConfigSupply)
    HAL_PWREx_EnableUSBVoltageDetector       0x08002259   Thumb Code    18  stm32h7xx_hal_pwr_ex.o(.text.HAL_PWREx_EnableUSBVoltageDetector)
    HAL_RCCEx_PeriphCLKConfig                0x08002271   Thumb Code  4256  stm32h7xx_hal_rcc_ex.o(.text.HAL_RCCEx_PeriphCLKConfig)
    HAL_RCC_ClockConfig                      0x08003311   Thumb Code  1176  stm32h7xx_hal_rcc.o(.text.HAL_RCC_ClockConfig)
    HAL_RCC_GetHCLKFreq                      0x080037a9   Thumb Code    86  stm32h7xx_hal_rcc.o(.text.HAL_RCC_GetHCLKFreq)
    HAL_RCC_GetSysClockFreq                  0x08003801   Thumb Code   784  stm32h7xx_hal_rcc.o(.text.HAL_RCC_GetSysClockFreq)
    HAL_RCC_OscConfig                        0x08003b11   Thumb Code  2904  stm32h7xx_hal_rcc.o(.text.HAL_RCC_OscConfig)
    HAL_SYSTICK_Config                       0x08004669   Thumb Code    16  stm32h7xx_hal_cortex.o(.text.HAL_SYSTICK_Config)
    HardFault_Handler                        0x08004679   Thumb Code     4  stm32h7xx_it.o(.text.HardFault_Handler)
    MX_USB_DEVICE_Init                       0x080047b9   Thumb Code   122  usb_device.o(.text.MX_USB_DEVICE_Init)
    MemManage_Handler                        0x08004839   Thumb Code     4  stm32h7xx_it.o(.text.MemManage_Handler)
    NMI_Handler                              0x08004841   Thumb Code     4  stm32h7xx_it.o(.text.NMI_Handler)
    OTG_HS_EP1_IN_IRQHandler                 0x080048b9   Thumb Code    16  stm32h7xx_it.o(.text.OTG_HS_EP1_IN_IRQHandler)
    OTG_HS_EP1_OUT_IRQHandler                0x080048c9   Thumb Code    16  stm32h7xx_it.o(.text.OTG_HS_EP1_OUT_IRQHandler)
    OTG_HS_IRQHandler                        0x080048d9   Thumb Code    16  stm32h7xx_it.o(.text.OTG_HS_IRQHandler)
    PendSV_Handler                           0x08004c79   Thumb Code     2  stm32h7xx_it.o(.text.PendSV_Handler)
    SVC_Handler                              0x08005021   Thumb Code     2  stm32h7xx_it.o(.text.SVC_Handler)
    SysTick_Handler                          0x080050b9   Thumb Code     8  stm32h7xx_it.o(.text.SysTick_Handler)
    SystemClock_Config                       0x080050c1   Thumb Code   234  main.o(.text.SystemClock_Config)
    SystemInit                               0x080051b1   Thumb Code   352  system_stm32h7xx.o(.text.SystemInit)
    USBD_CDC_GetDeviceQualifierDescriptor    0x080055e1   Thumb Code    22  usbd_cdc.o(.text.USBD_CDC_GetDeviceQualifierDescriptor)
    USBD_CDC_ReceivePacket                   0x08005969   Thumb Code   126  usbd_cdc.o(.text.USBD_CDC_ReceivePacket)
    USBD_CDC_RegisterInterface               0x080059e9   Thumb Code    52  usbd_cdc.o(.text.USBD_CDC_RegisterInterface)
    USBD_CDC_SetRxBuffer                     0x08005a21   Thumb Code    60  usbd_cdc.o(.text.USBD_CDC_SetRxBuffer)
    USBD_CDC_SetTxBuffer                     0x08005a61   Thumb Code    70  usbd_cdc.o(.text.USBD_CDC_SetTxBuffer)
    USBD_CDC_TransmitPacket                  0x08005c79   Thumb Code   136  usbd_cdc.o(.text.USBD_CDC_TransmitPacket)
    USBD_ClrClassConfig                      0x08005d01   Thumb Code    50  usbd_core.o(.text.USBD_ClrClassConfig)
    USBD_CoreFindEP                          0x08005d79   Thumb Code    14  usbd_core.o(.text.USBD_CoreFindEP)
    USBD_CoreFindIF                          0x08005d89   Thumb Code    14  usbd_core.o(.text.USBD_CoreFindIF)
    USBD_CtlContinueRx                       0x08005d99   Thumb Code    30  usbd_ioreq.o(.text.USBD_CtlContinueRx)
    USBD_CtlContinueSendData                 0x08005db9   Thumb Code    30  usbd_ioreq.o(.text.USBD_CtlContinueSendData)
    USBD_CtlError                            0x08005dd9   Thumb Code    28  usbd_ctlreq.o(.text.USBD_CtlError)
    USBD_CtlPrepareRx                        0x08005df9   Thumb Code    54  usbd_ioreq.o(.text.USBD_CtlPrepareRx)
    USBD_CtlReceiveStatus                    0x08005e31   Thumb Code    34  usbd_ioreq.o(.text.USBD_CtlReceiveStatus)
    USBD_CtlSendData                         0x08005e59   Thumb Code    50  usbd_ioreq.o(.text.USBD_CtlSendData)
    USBD_CtlSendStatus                       0x08005e91   Thumb Code    34  usbd_ioreq.o(.text.USBD_CtlSendStatus)
    USBD_GetEpDesc                           0x08006231   Thumb Code   118  usbd_core.o(.text.USBD_GetEpDesc)
    USBD_GetNextDesc                         0x080062e1   Thumb Code    38  usbd_core.o(.text.USBD_GetNextDesc)
    USBD_GetString                           0x08006371   Thumb Code   188  usbd_ctlreq.o(.text.USBD_GetString)
    USBD_Get_USB_Status                      0x08006431   Thumb Code    82  usbd_conf.o(.text.USBD_Get_USB_Status)
    USBD_HS_ConfigStrDescriptor              0x08006489   Thumb Code    78  usbd_desc.o(.text.USBD_HS_ConfigStrDescriptor)
    USBD_HS_DeviceDescriptor                 0x080064d9   Thumb Code    26  usbd_desc.o(.text.USBD_HS_DeviceDescriptor)
    USBD_HS_InterfaceStrDescriptor           0x080064f9   Thumb Code    78  usbd_desc.o(.text.USBD_HS_InterfaceStrDescriptor)
    USBD_HS_LangIDStrDescriptor              0x08006549   Thumb Code    26  usbd_desc.o(.text.USBD_HS_LangIDStrDescriptor)
    USBD_HS_ManufacturerStrDescriptor        0x08006569   Thumb Code    40  usbd_desc.o(.text.USBD_HS_ManufacturerStrDescriptor)
    USBD_HS_ProductStrDescriptor             0x08006591   Thumb Code    78  usbd_desc.o(.text.USBD_HS_ProductStrDescriptor)
    USBD_HS_SerialStrDescriptor              0x080065e1   Thumb Code    32  usbd_desc.o(.text.USBD_HS_SerialStrDescriptor)
    USBD_Init                                0x08006601   Thumb Code   106  usbd_core.o(.text.USBD_Init)
    USBD_LL_ClearStallEP                     0x08006671   Thumb Code    58  usbd_conf.o(.text.USBD_LL_ClearStallEP)
    USBD_LL_CloseEP                          0x080066b1   Thumb Code    58  usbd_conf.o(.text.USBD_LL_CloseEP)
    USBD_LL_DataInStage                      0x080066f1   Thumb Code   400  usbd_core.o(.text.USBD_LL_DataInStage)
    USBD_LL_DataOutStage                     0x08006881   Thumb Code   434  usbd_core.o(.text.USBD_LL_DataOutStage)
    USBD_LL_DevConnected                     0x08006a39   Thumb Code    10  usbd_core.o(.text.USBD_LL_DevConnected)
    USBD_LL_DevDisconnected                  0x08006a49   Thumb Code    64  usbd_core.o(.text.USBD_LL_DevDisconnected)
    USBD_LL_GetRxDataSize                    0x08006a89   Thumb Code    28  usbd_conf.o(.text.USBD_LL_GetRxDataSize)
    USBD_LL_Init                             0x08006aa9   Thumb Code   136  usbd_conf.o(.text.USBD_LL_Init)
    USBD_LL_IsStallEP                        0x08006b31   Thumb Code    90  usbd_conf.o(.text.USBD_LL_IsStallEP)
    USBD_LL_IsoINIncomplete                  0x08006b91   Thumb Code   110  usbd_core.o(.text.USBD_LL_IsoINIncomplete)
    USBD_LL_IsoOUTIncomplete                 0x08006c01   Thumb Code   110  usbd_core.o(.text.USBD_LL_IsoOUTIncomplete)
    USBD_LL_OpenEP                           0x08006c71   Thumb Code    74  usbd_conf.o(.text.USBD_LL_OpenEP)
    USBD_LL_PrepareReceive                   0x08006cc1   Thumb Code    66  usbd_conf.o(.text.USBD_LL_PrepareReceive)
    USBD_LL_Reset                            0x08006d09   Thumb Code   156  usbd_core.o(.text.USBD_LL_Reset)
    USBD_LL_Resume                           0x08006da9   Thumb Code    36  usbd_core.o(.text.USBD_LL_Resume)
    USBD_LL_SOF                              0x08006dd1   Thumb Code    62  usbd_core.o(.text.USBD_LL_SOF)
    USBD_LL_SetSpeed                         0x08006e11   Thumb Code    22  usbd_core.o(.text.USBD_LL_SetSpeed)
    USBD_LL_SetUSBAddress                    0x08006e29   Thumb Code    58  usbd_conf.o(.text.USBD_LL_SetUSBAddress)
    USBD_LL_SetupStage                       0x08006e69   Thumb Code   148  usbd_core.o(.text.USBD_LL_SetupStage)
    USBD_LL_StallEP                          0x08006f01   Thumb Code    58  usbd_conf.o(.text.USBD_LL_StallEP)
    USBD_LL_Start                            0x08006f41   Thumb Code    50  usbd_conf.o(.text.USBD_LL_Start)
    USBD_LL_Suspend                          0x08006f79   Thumb Code    44  usbd_core.o(.text.USBD_LL_Suspend)
    USBD_LL_Transmit                         0x08006fa9   Thumb Code    66  usbd_conf.o(.text.USBD_LL_Transmit)
    USBD_ParseSetupRequest                   0x08006ff1   Thumb Code    98  usbd_ctlreq.o(.text.USBD_ParseSetupRequest)
    USBD_RegisterClass                       0x08007059   Thumb Code   114  usbd_core.o(.text.USBD_RegisterClass)
    USBD_RunTestMode                         0x080070d1   Thumb Code    10  usbd_core.o(.text.USBD_RunTestMode)
    USBD_SetClassConfig                      0x08007171   Thumb Code    54  usbd_core.o(.text.USBD_SetClassConfig)
    USBD_Start                               0x08007379   Thumb Code    16  usbd_core.o(.text.USBD_Start)
    USBD_StdDevReq                           0x08007389   Thumb Code   188  usbd_ctlreq.o(.text.USBD_StdDevReq)
    USBD_StdEPReq                            0x08007449   Thumb Code   940  usbd_ctlreq.o(.text.USBD_StdEPReq)
    USBD_StdItfReq                           0x080077f9   Thumb Code   266  usbd_ctlreq.o(.text.USBD_StdItfReq)
    USBD_WinUSBOSFeatureDescriptor           0x080079a1   Thumb Code    22  usbd_desc.o(.text.USBD_WinUSBOSFeatureDescriptor)
    USBD_WinUSBOSPropertyDescriptor          0x080079b9   Thumb Code    22  usbd_desc.o(.text.USBD_WinUSBOSPropertyDescriptor)
    USBD_WinUSBOSStrDescriptor               0x080079d1   Thumb Code    36  usbd_desc.o(.text.USBD_WinUSBOSStrDescriptor)
    USBD_static_free                         0x080079f9   Thumb Code     8  usbd_conf.o(.text.USBD_static_free)
    USBD_static_malloc                       0x08007a01   Thumb Code    16  usbd_conf.o(.text.USBD_static_malloc)
    USB_ActivateEndpoint                     0x08007a11   Thumb Code   222  stm32h7xx_ll_usb.o(.text.USB_ActivateEndpoint)
    USB_ActivateSetup                        0x08007af1   Thumb Code    44  stm32h7xx_ll_usb.o(.text.USB_ActivateSetup)
    USB_CoreInit                             0x08007b21   Thumb Code   236  stm32h7xx_ll_usb.o(.text.USB_CoreInit)
    USB_DeactivateEndpoint                   0x08007c89   Thumb Code   312  stm32h7xx_ll_usb.o(.text.USB_DeactivateEndpoint)
    USB_DevConnect                           0x08007dc1   Thumb Code    42  stm32h7xx_ll_usb.o(.text.USB_DevConnect)
    USB_DevDisconnect                        0x08007df1   Thumb Code    42  stm32h7xx_ll_usb.o(.text.USB_DevDisconnect)
    USB_DevInit                              0x08007e21   Thumb Code   656  stm32h7xx_ll_usb.o(.text.USB_DevInit)
    USB_DisableGlobalInt                     0x080080b1   Thumb Code    20  stm32h7xx_ll_usb.o(.text.USB_DisableGlobalInt)
    USB_EP0_OutStart                         0x080080c9   Thumb Code   158  stm32h7xx_ll_usb.o(.text.USB_EP0_OutStart)
    USB_EPClearStall                         0x08008169   Thumb Code   160  stm32h7xx_ll_usb.o(.text.USB_EPClearStall)
    USB_EPSetStall                           0x08008209   Thumb Code   168  stm32h7xx_ll_usb.o(.text.USB_EPSetStall)
    USB_EPStartXfer                          0x080082b1   Thumb Code  1016  stm32h7xx_ll_usb.o(.text.USB_EPStartXfer)
    USB_EPStopXfer                           0x080086a9   Thumb Code   284  stm32h7xx_ll_usb.o(.text.USB_EPStopXfer)
    USB_EnableGlobalInt                      0x080087c9   Thumb Code    20  stm32h7xx_ll_usb.o(.text.USB_EnableGlobalInt)
    USB_FlushRxFifo                          0x080087e1   Thumb Code   116  stm32h7xx_ll_usb.o(.text.USB_FlushRxFifo)
    USB_FlushTxFifo                          0x08008859   Thumb Code   122  stm32h7xx_ll_usb.o(.text.USB_FlushTxFifo)
    USB_GetDevSpeed                          0x080088d9   Thumb Code    76  stm32h7xx_ll_usb.o(.text.USB_GetDevSpeed)
    USB_GetMode                              0x08008929   Thumb Code    16  stm32h7xx_ll_usb.o(.text.USB_GetMode)
    USB_ReadDevAllInEpInterrupt              0x08008939   Thumb Code    36  stm32h7xx_ll_usb.o(.text.USB_ReadDevAllInEpInterrupt)
    USB_ReadDevAllOutEpInterrupt             0x08008961   Thumb Code    36  stm32h7xx_ll_usb.o(.text.USB_ReadDevAllOutEpInterrupt)
    USB_ReadDevInEPInterrupt                 0x08008989   Thumb Code    78  stm32h7xx_ll_usb.o(.text.USB_ReadDevInEPInterrupt)
    USB_ReadDevOutEPInterrupt                0x080089d9   Thumb Code    46  stm32h7xx_ll_usb.o(.text.USB_ReadDevOutEPInterrupt)
    USB_ReadInterrupts                       0x08008a09   Thumb Code    26  stm32h7xx_ll_usb.o(.text.USB_ReadInterrupts)
    USB_ReadPacket                           0x08008a29   Thumb Code   180  stm32h7xx_ll_usb.o(.text.USB_ReadPacket)
    USB_SetCurrentMode                       0x08008ae1   Thumb Code   222  stm32h7xx_ll_usb.o(.text.USB_SetCurrentMode)
    USB_SetDevAddress                        0x08008bc1   Thumb Code    54  stm32h7xx_ll_usb.o(.text.USB_SetDevAddress)
    USB_SetDevSpeed                          0x08008bf9   Thumb Code    34  stm32h7xx_ll_usb.o(.text.USB_SetDevSpeed)
    USB_SetTurnaroundTime                    0x08008c21   Thumb Code   442  stm32h7xx_ll_usb.o(.text.USB_SetTurnaroundTime)
    USB_WritePacket                          0x08008de1   Thumb Code   130  stm32h7xx_ll_usb.o(.text.USB_WritePacket)
    UsageFault_Handler                       0x08008e69   Thumb Code     4  stm32h7xx_it.o(.text.UsageFault_Handler)
    WinUSB_Receive_HS                        0x08008e71   Thumb Code    84  main.o(.text.WinUSB_Receive_HS)
    main                                     0x08008f91   Thumb Code    36  main.o(.text.main)
    _fp_init                                 0x08008fb5   Thumb Code    26  fpinit.o(x$fpl$fpinit)
    __fplib_config_fpu_vfp                   0x08008fcd   Thumb Code     0  fpinit.o(x$fpl$fpinit)
    __fplib_config_pureend_doubles           0x08008fcd   Thumb Code     0  fpinit.o(x$fpl$fpinit)
    D1CorePrescTable                         0x08008fce   Data          16  system_stm32h7xx.o(.rodata.D1CorePrescTable)
    USBD_OS_STRING                           0x08008fde   Data           8  usbd_desc.o(.rodata.USBD_OS_STRING)
    Region$$Table$$Base                      0x0800901c   Number         0  anon$$obj.o(Region$$Table)
    Region$$Table$$Limit                     0x0800903c   Number         0  anon$$obj.o(Region$$Table)
    HS_Desc                                  0x24000004   Data          36  usbd_desc.o(.data.HS_Desc)
    SystemCoreClock                          0x24000028   Data           4  system_stm32h7xx.o(.data.SystemCoreClock)
    SystemD2Clock                            0x2400002c   Data           4  system_stm32h7xx.o(.data.SystemD2Clock)
    USBD_CDC                                 0x24000030   Data          60  usbd_cdc.o(.data.USBD_CDC)
    USBD_CDC_CfgDesc                         0x2400006c   Data          32  usbd_cdc.o(.data.USBD_CDC_CfgDesc)
    USBD_HS_DeviceDesc                       0x24000098   Data          18  usbd_desc.o(.data.USBD_HS_DeviceDesc)
    USBD_Interface_fops_HS                   0x240000ac   Data          20  usbd_cdc_if.o(.data.USBD_Interface_fops_HS)
    USBD_LangIDDesc                          0x240000c0   Data           4  usbd_desc.o(.data.USBD_LangIDDesc)
    USBD_StringSerial                        0x240000c4   Data          26  usbd_desc.o(.data.USBD_StringSerial)
    USBD_WINUSB_OSFeatureDesc                0x240000e0   Data          40  usbd_desc.o(.data.USBD_WINUSB_OSFeatureDesc)
    USBD_WINUSB_OSPropertyDesc               0x24000108   Data         142  usbd_desc.o(.data.USBD_WINUSB_OSPropertyDesc)
    uwTickFreq                               0x24000196   Data           1  stm32h7xx_hal.o(.data.uwTickFreq)
    uwTickPrio                               0x24000198   Data           4  stm32h7xx_hal.o(.data.uwTickPrio)
    __libspace_start                         0x240001a0   Data          96  libspace.o(.bss)
    __temporary_stack_top$libspace           0x24000200   Data           0  libspace.o(.bss)
    USBD_StrDesc                             0x24000204   Data         512  usbd_desc.o(.bss.USBD_StrDesc)
    UserRxBufferHS                           0x24000624   Data        2048  usbd_cdc_if.o(.bss.UserRxBufferHS)
    UserTxBufferHS                           0x24000e24   Data        2048  usbd_cdc_if.o(.bss.UserTxBufferHS)
    hUsbDeviceHS                             0x24001624   Data         732  usb_device.o(.bss.hUsbDeviceHS)
    hpcd_USB_OTG_HS                          0x24001900   Data        1252  usbd_conf.o(.bss.hpcd_USB_OTG_HS)
    usb_rx                                   0x24001de4   Data        2048  main.o(.bss.usb_rx)
    usb_rxne                                 0x240025e4   Data           1  main.o(.bss.usb_rxne)
    usb_tx                                   0x240025e5   Data       81920  main.o(.bss.usb_tx)
    uwTick                                   0x240165e8   Data           4  stm32h7xx_hal.o(.bss.uwTick)



==============================================================================

Memory Map of the image

  Image Entry point : 0x08000299

  Load Region LR_IROM1 (Base: 0x08000000, Size: 0x000091e0, Max: 0x00020000, ABSOLUTE, COMPRESSED[0x00009150])

    Execution Region ER_IROM1 (Exec base: 0x08000000, Load base: 0x08000000, Size: 0x0000903c, Max: 0x00020000, ABSOLUTE)

    Exec Addr    Load Addr    Size         Type   Attr      Idx    E Section Name        Object

    0x08000000   0x08000000   0x00000298   Data   RO            3    RESET               startup_stm32h750xx.o
    0x08000298   0x08000298   0x00000008   Code   RO         1491  * !!!main             c_w.l(__main.o)
    0x080002a0   0x080002a0   0x00000034   Code   RO         1658    !!!scatter          c_w.l(__scatter.o)
    0x080002d4   0x080002d4   0x0000005a   Code   RO         1656    !!dczerorl2         c_w.l(__dczerorl2.o)
    0x0800032e   0x0800032e   0x00000002   PAD
    0x08000330   0x08000330   0x0000001c   Code   RO         1660    !!handler_zi        c_w.l(__scatter_zi.o)
    0x0800034c   0x0800034c   0x00000002   Code   RO         1518    .ARM.Collect$$libinit$$00000000  c_w.l(libinit.o)
    0x0800034e   0x0800034e   0x00000004   Code   RO         1524    .ARM.Collect$$libinit$$00000001  c_w.l(libinit2.o)
    0x08000352   0x08000352   0x00000000   Code   RO         1527    .ARM.Collect$$libinit$$00000004  c_w.l(libinit2.o)
    0x08000352   0x08000352   0x00000000   Code   RO         1529    .ARM.Collect$$libinit$$00000006  c_w.l(libinit2.o)
    0x08000352   0x08000352   0x00000000   Code   RO         1532    .ARM.Collect$$libinit$$0000000C  c_w.l(libinit2.o)
    0x08000352   0x08000352   0x00000000   Code   RO         1534    .ARM.Collect$$libinit$$0000000E  c_w.l(libinit2.o)
    0x08000352   0x08000352   0x00000000   Code   RO         1536    .ARM.Collect$$libinit$$00000010  c_w.l(libinit2.o)
    0x08000352   0x08000352   0x00000000   Code   RO         1539    .ARM.Collect$$libinit$$00000013  c_w.l(libinit2.o)
    0x08000352   0x08000352   0x00000000   Code   RO         1541    .ARM.Collect$$libinit$$00000015  c_w.l(libinit2.o)
    0x08000352   0x08000352   0x00000000   Code   RO         1543    .ARM.Collect$$libinit$$00000017  c_w.l(libinit2.o)
    0x08000352   0x08000352   0x00000000   Code   RO         1545    .ARM.Collect$$libinit$$00000019  c_w.l(libinit2.o)
    0x08000352   0x08000352   0x00000000   Code   RO         1547    .ARM.Collect$$libinit$$0000001B  c_w.l(libinit2.o)
    0x08000352   0x08000352   0x00000000   Code   RO         1549    .ARM.Collect$$libinit$$0000001D  c_w.l(libinit2.o)
    0x08000352   0x08000352   0x00000000   Code   RO         1551    .ARM.Collect$$libinit$$0000001F  c_w.l(libinit2.o)
    0x08000352   0x08000352   0x00000000   Code   RO         1553    .ARM.Collect$$libinit$$00000021  c_w.l(libinit2.o)
    0x08000352   0x08000352   0x00000000   Code   RO         1555    .ARM.Collect$$libinit$$00000023  c_w.l(libinit2.o)
    0x08000352   0x08000352   0x00000000   Code   RO         1557    .ARM.Collect$$libinit$$00000025  c_w.l(libinit2.o)
    0x08000352   0x08000352   0x00000000   Code   RO         1559    .ARM.Collect$$libinit$$00000027  c_w.l(libinit2.o)
    0x08000352   0x08000352   0x00000000   Code   RO         1563    .ARM.Collect$$libinit$$0000002E  c_w.l(libinit2.o)
    0x08000352   0x08000352   0x00000000   Code   RO         1565    .ARM.Collect$$libinit$$00000030  c_w.l(libinit2.o)
    0x08000352   0x08000352   0x00000000   Code   RO         1567    .ARM.Collect$$libinit$$00000032  c_w.l(libinit2.o)
    0x08000352   0x08000352   0x00000000   Code   RO         1569    .ARM.Collect$$libinit$$00000034  c_w.l(libinit2.o)
    0x08000352   0x08000352   0x00000002   Code   RO         1570    .ARM.Collect$$libinit$$00000035  c_w.l(libinit2.o)
    0x08000354   0x08000354   0x00000002   Code   RO         1592    .ARM.Collect$$libshutdown$$00000000  c_w.l(libshutdown.o)
    0x08000356   0x08000356   0x00000000   Code   RO         1607    .ARM.Collect$$libshutdown$$00000002  c_w.l(libshutdown2.o)
    0x08000356   0x08000356   0x00000000   Code   RO         1609    .ARM.Collect$$libshutdown$$00000004  c_w.l(libshutdown2.o)
    0x08000356   0x08000356   0x00000000   Code   RO         1612    .ARM.Collect$$libshutdown$$00000007  c_w.l(libshutdown2.o)
    0x08000356   0x08000356   0x00000000   Code   RO         1615    .ARM.Collect$$libshutdown$$0000000A  c_w.l(libshutdown2.o)
    0x08000356   0x08000356   0x00000000   Code   RO         1617    .ARM.Collect$$libshutdown$$0000000C  c_w.l(libshutdown2.o)
    0x08000356   0x08000356   0x00000000   Code   RO         1620    .ARM.Collect$$libshutdown$$0000000F  c_w.l(libshutdown2.o)
    0x08000356   0x08000356   0x00000002   Code   RO         1621    .ARM.Collect$$libshutdown$$00000010  c_w.l(libshutdown2.o)
    0x08000358   0x08000358   0x00000000   Code   RO         1493    .ARM.Collect$$rtentry$$00000000  c_w.l(__rtentry.o)
    0x08000358   0x08000358   0x00000000   Code   RO         1495    .ARM.Collect$$rtentry$$00000002  c_w.l(__rtentry2.o)
    0x08000358   0x08000358   0x00000006   Code   RO         1507    .ARM.Collect$$rtentry$$00000004  c_w.l(__rtentry4.o)
    0x0800035e   0x0800035e   0x00000000   Code   RO         1497    .ARM.Collect$$rtentry$$00000009  c_w.l(__rtentry2.o)
    0x0800035e   0x0800035e   0x00000004   Code   RO         1498    .ARM.Collect$$rtentry$$0000000A  c_w.l(__rtentry2.o)
    0x08000362   0x08000362   0x00000000   Code   RO         1500    .ARM.Collect$$rtentry$$0000000C  c_w.l(__rtentry2.o)
    0x08000362   0x08000362   0x00000008   Code   RO         1501    .ARM.Collect$$rtentry$$0000000D  c_w.l(__rtentry2.o)
    0x0800036a   0x0800036a   0x00000002   Code   RO         1522    .ARM.Collect$$rtexit$$00000000  c_w.l(rtexit.o)
    0x0800036c   0x0800036c   0x00000000   Code   RO         1572    .ARM.Collect$$rtexit$$00000002  c_w.l(rtexit2.o)
    0x0800036c   0x0800036c   0x00000004   Code   RO         1573    .ARM.Collect$$rtexit$$00000003  c_w.l(rtexit2.o)
    0x08000370   0x08000370   0x00000006   Code   RO         1574    .ARM.Collect$$rtexit$$00000004  c_w.l(rtexit2.o)
    0x08000376   0x08000376   0x00000002   PAD
    0x08000378   0x08000378   0x00000048   Code   RO            4    .text               startup_stm32h750xx.o
    0x080003c0   0x080003c0   0x0000004e   Code   RO         1487    .text               c_w.l(rt_memclr_w.o)
    0x0800040e   0x0800040e   0x00000006   Code   RO         1489    .text               c_w.l(heapauxi.o)
    0x08000414   0x08000414   0x0000004a   Code   RO         1509    .text               c_w.l(sys_stackheap_outer.o)
    0x0800045e   0x0800045e   0x00000012   Code   RO         1511    .text               c_w.l(exit.o)
    0x08000470   0x08000470   0x00000008   Code   RO         1519    .text               c_w.l(libspace.o)
    0x08000478   0x08000478   0x0000000c   Code   RO         1582    .text               c_w.l(sys_exit.o)
    0x08000484   0x08000484   0x00000002   Code   RO         1597    .text               c_w.l(use_no_semi.o)
    0x08000486   0x08000486   0x00000000   Code   RO         1599    .text               c_w.l(indicate_semi.o)
    0x08000486   0x08000486   0x00000002   PAD
    0x08000488   0x08000488   0x00000004   Code   RO           40    .text.BusFault_Handler  stm32h7xx_it.o
    0x0800048c   0x0800048c   0x00000004   PAD
    0x08000490   0x08000490   0x0000005c   Code   RO          126    .text.CDC_Control_HS  usbd_cdc_if.o
    0x080004ec   0x080004ec   0x00000004   PAD
    0x080004f0   0x080004f0   0x00000004   Code   RO          124    .text.CDC_DeInit_HS  usbd_cdc_if.o
    0x080004f4   0x080004f4   0x00000004   PAD
    0x080004f8   0x080004f8   0x00000032   Code   RO          122    .text.CDC_Init_HS   usbd_cdc_if.o
    0x0800052a   0x0800052a   0x00000006   PAD
    0x08000530   0x08000530   0x00000024   Code   RO          128    .text.CDC_Receive_HS  usbd_cdc_if.o
    0x08000554   0x08000554   0x00000004   PAD
    0x08000558   0x08000558   0x00000018   Code   RO          130    .text.CDC_TransmitCplt_HS  usbd_cdc_if.o
    0x08000570   0x08000570   0x00000060   Code   RO          132    .text.CDC_Transmit_HS  usbd_cdc_if.o
    0x080005d0   0x080005d0   0x00000002   Code   RO           46    .text.DebugMon_Handler  stm32h7xx_it.o
    0x080005d2   0x080005d2   0x00000006   PAD
    0x080005d8   0x080005d8   0x0000000e   Code   RO           21    .text.Error_Handler  main.o
    0x080005e6   0x080005e6   0x00000002   PAD
    0x080005e8   0x080005e8   0x00000028   Code   RO         1315    .text.ExitRun0Mode  system_stm32h7xx.o
    0x08000610   0x08000610   0x0000005c   Code   RO          100    .text.Get_SerialNum  usbd_desc.o
    0x0800066c   0x0800066c   0x00000004   PAD
    0x08000670   0x08000670   0x00000042   Code   RO         1012    .text.HAL_Delay     stm32h7xx_hal.o
    0x080006b2   0x080006b2   0x00000006   PAD
    0x080006b8   0x080006b8   0x000003c4   Code   RO          619    .text.HAL_GPIO_Init  stm32h7xx_hal_gpio.o
    0x08000a7c   0x08000a7c   0x00000004   PAD
    0x08000a80   0x08000a80   0x0000000e   Code   RO         1020    .text.HAL_GetREVID  stm32h7xx_hal.o
    0x08000a8e   0x08000a8e   0x00000002   PAD
    0x08000a90   0x08000a90   0x0000000c   Code   RO         1004    .text.HAL_GetTick   stm32h7xx_hal.o
    0x08000a9c   0x08000a9c   0x00000004   PAD
    0x08000aa0   0x08000aa0   0x0000001a   Code   RO         1002    .text.HAL_IncTick   stm32h7xx_hal.o
    0x08000aba   0x08000aba   0x00000006   PAD
    0x08000ac0   0x08000ac0   0x0000007a   Code   RO          992    .text.HAL_Init      stm32h7xx_hal.o
    0x08000b3a   0x08000b3a   0x00000006   PAD
    0x08000b40   0x08000b40   0x00000086   Code   RO          994    .text.HAL_InitTick  stm32h7xx_hal.o
    0x08000bc6   0x08000bc6   0x00000002   PAD
    0x08000bc8   0x08000bc8   0x00000080   Code   RO          951    .text.HAL_MPU_ConfigRegion  stm32h7xx_hal_cortex.o
    0x08000c48   0x08000c48   0x00000022   Code   RO          943    .text.HAL_MPU_Disable  stm32h7xx_hal_cortex.o
    0x08000c6a   0x08000c6a   0x00000006   PAD
    0x08000c70   0x08000c70   0x00000030   Code   RO          945    .text.HAL_MPU_Enable  stm32h7xx_hal_cortex.o
    0x08000ca0   0x08000ca0   0x00000024   Code   RO           65    .text.HAL_MspInit   stm32h7xx_hal_msp.o
    0x08000cc4   0x08000cc4   0x00000004   PAD
    0x08000cc8   0x08000cc8   0x00000014   Code   RO          927    .text.HAL_NVIC_EnableIRQ  stm32h7xx_hal_cortex.o
    0x08000cdc   0x08000cdc   0x00000004   PAD
    0x08000ce0   0x08000ce0   0x0000002e   Code   RO          919    .text.HAL_NVIC_SetPriority  stm32h7xx_hal_cortex.o
    0x08000d0e   0x08000d0e   0x00000002   PAD
    0x08000d10   0x08000d10   0x00000010   Code   RO          915    .text.HAL_NVIC_SetPriorityGrouping  stm32h7xx_hal_cortex.o
    0x08000d20   0x08000d20   0x00000036   Code   RO          300    .text.HAL_PCDEx_ActivateLPM  stm32h7xx_hal_pcd_ex.o
    0x08000d56   0x08000d56   0x00000002   PAD
    0x08000d58   0x08000d58   0x0000000c   Code   RO          312    .text.HAL_PCDEx_LPM_Callback  stm32h7xx_hal_pcd_ex.o
    0x08000d64   0x08000d64   0x00000004   PAD
    0x08000d68   0x08000d68   0x00000018   Code   RO          298    .text.HAL_PCDEx_SetRxFiFo  stm32h7xx_hal_pcd_ex.o
    0x08000d80   0x08000d80   0x0000009c   Code   RO          296    .text.HAL_PCDEx_SetTxFiFo  stm32h7xx_hal_pcd_ex.o
    0x08000e1c   0x08000e1c   0x00000004   PAD
    0x08000e20   0x08000e20   0x00000014   Code   RO          166    .text.HAL_PCD_ConnectCallback  usbd_conf.o
    0x08000e34   0x08000e34   0x00000004   PAD
    0x08000e38   0x08000e38   0x00000026   Code   RO          152    .text.HAL_PCD_DataInStageCallback  usbd_conf.o
    0x08000e5e   0x08000e5e   0x00000002   PAD
    0x08000e60   0x08000e60   0x00000028   Code   RO          150    .text.HAL_PCD_DataOutStageCallback  usbd_conf.o
    0x08000e88   0x08000e88   0x00000014   Code   RO          168    .text.HAL_PCD_DisconnectCallback  usbd_conf.o
    0x08000e9c   0x08000e9c   0x00000004   PAD
    0x08000ea0   0x08000ea0   0x0000005e   Code   RO          249    .text.HAL_PCD_EP_Abort  stm32h7xx_hal_pcd.o
    0x08000efe   0x08000efe   0x00000002   PAD
    0x08000f00   0x08000f00   0x000000a8   Code   RO          267    .text.HAL_PCD_EP_Close  stm32h7xx_hal_pcd.o
    0x08000fa8   0x08000fa8   0x000000c8   Code   RO          277    .text.HAL_PCD_EP_ClrStall  stm32h7xx_hal_pcd.o
    0x08001070   0x08001070   0x00000022   Code   RO          271    .text.HAL_PCD_EP_GetRxCount  stm32h7xx_hal_pcd.o
    0x08001092   0x08001092   0x00000006   PAD
    0x08001098   0x08001098   0x000000ee   Code   RO          265    .text.HAL_PCD_EP_Open  stm32h7xx_hal_pcd.o
    0x08001186   0x08001186   0x00000002   PAD
    0x08001188   0x08001188   0x0000006c   Code   RO          269    .text.HAL_PCD_EP_Receive  stm32h7xx_hal_pcd.o
    0x080011f4   0x080011f4   0x00000004   PAD
    0x080011f8   0x080011f8   0x000000de   Code   RO          275    .text.HAL_PCD_EP_SetStall  stm32h7xx_hal_pcd.o
    0x080012d6   0x080012d6   0x00000002   PAD
    0x080012d8   0x080012d8   0x0000006c   Code   RO          273    .text.HAL_PCD_EP_Transmit  stm32h7xx_hal_pcd.o
    0x08001344   0x08001344   0x00000004   PAD
    0x08001348   0x08001348   0x0000088a   Code   RO          227    .text.HAL_PCD_IRQHandler  stm32h7xx_hal_pcd.o
    0x08001bd2   0x08001bd2   0x00000006   PAD
    0x08001bd8   0x08001bd8   0x0000001c   Code   RO          164    .text.HAL_PCD_ISOINIncompleteCallback  usbd_conf.o
    0x08001bf4   0x08001bf4   0x00000004   PAD
    0x08001bf8   0x08001bf8   0x0000001c   Code   RO          162    .text.HAL_PCD_ISOOUTIncompleteCallback  usbd_conf.o
    0x08001c14   0x08001c14   0x00000004   PAD
    0x08001c18   0x08001c18   0x0000023a   Code   RO          215    .text.HAL_PCD_Init  stm32h7xx_hal_pcd.o
    0x08001e52   0x08001e52   0x00000006   PAD
    0x08001e58   0x08001e58   0x00000192   Code   RO          144    .text.HAL_PCD_MspInit  usbd_conf.o
    0x08001fea   0x08001fea   0x00000006   PAD
    0x08001ff0   0x08001ff0   0x00000052   Code   RO          156    .text.HAL_PCD_ResetCallback  usbd_conf.o
    0x08002042   0x08002042   0x00000006   PAD
    0x08002048   0x08002048   0x00000014   Code   RO          160    .text.HAL_PCD_ResumeCallback  usbd_conf.o
    0x0800205c   0x0800205c   0x00000004   PAD
    0x08002060   0x08002060   0x00000014   Code   RO          154    .text.HAL_PCD_SOFCallback  usbd_conf.o
    0x08002074   0x08002074   0x00000004   PAD
    0x08002078   0x08002078   0x0000005c   Code   RO          263    .text.HAL_PCD_SetAddress  stm32h7xx_hal_pcd.o
    0x080020d4   0x080020d4   0x00000004   PAD
    0x080020d8   0x080020d8   0x00000018   Code   RO          148    .text.HAL_PCD_SetupStageCallback  usbd_conf.o
    0x080020f0   0x080020f0   0x0000007c   Code   RO          223    .text.HAL_PCD_Start  stm32h7xx_hal_pcd.o
    0x0800216c   0x0800216c   0x00000004   PAD
    0x08002170   0x08002170   0x0000003e   Code   RO          158    .text.HAL_PCD_SuspendCallback  usbd_conf.o
    0x080021ae   0x080021ae   0x00000002   PAD
    0x080021b0   0x080021b0   0x000000a2   Code   RO          828    .text.HAL_PWREx_ConfigSupply  stm32h7xx_hal_pwr_ex.o
    0x08002252   0x08002252   0x00000006   PAD
    0x08002258   0x08002258   0x00000012   Code   RO          882    .text.HAL_PWREx_EnableUSBVoltageDetector  stm32h7xx_hal_pwr_ex.o
    0x0800226a   0x0800226a   0x00000006   PAD
    0x08002270   0x08002270   0x000010a0   Code   RO          461    .text.HAL_RCCEx_PeriphCLKConfig  stm32h7xx_hal_rcc_ex.o
    0x08003310   0x08003310   0x00000498   Code   RO          430    .text.HAL_RCC_ClockConfig  stm32h7xx_hal_rcc.o
    0x080037a8   0x080037a8   0x00000056   Code   RO          440    .text.HAL_RCC_GetHCLKFreq  stm32h7xx_hal_rcc.o
    0x080037fe   0x080037fe   0x00000002   PAD
    0x08003800   0x08003800   0x00000310   Code   RO          432    .text.HAL_RCC_GetSysClockFreq  stm32h7xx_hal_rcc.o
    0x08003b10   0x08003b10   0x00000b58   Code   RO          428    .text.HAL_RCC_OscConfig  stm32h7xx_hal_rcc.o
    0x08004668   0x08004668   0x00000010   Code   RO          939    .text.HAL_SYSTICK_Config  stm32h7xx_hal_cortex.o
    0x08004678   0x08004678   0x00000004   Code   RO           36    .text.HardFault_Handler  stm32h7xx_it.o
    0x0800467c   0x0800467c   0x00000004   PAD
    0x08004680   0x08004680   0x0000007a   Code   RO          104    .text.IntToUnicode  usbd_desc.o
    0x080046fa   0x080046fa   0x00000006   PAD
    0x08004700   0x08004700   0x00000056   Code   RO           15    .text.MPU_Config    main.o
    0x08004756   0x08004756   0x00000002   PAD
    0x08004758   0x08004758   0x00000060   Code   RO           19    .text.MX_GPIO_Init  main.o
    0x080047b8   0x080047b8   0x0000007a   Code   RO           73    .text.MX_USB_DEVICE_Init  usb_device.o
    0x08004832   0x08004832   0x00000006   PAD
    0x08004838   0x08004838   0x00000004   Code   RO           38    .text.MemManage_Handler  stm32h7xx_it.o
    0x0800483c   0x0800483c   0x00000004   PAD
    0x08004840   0x08004840   0x00000004   Code   RO           34    .text.NMI_Handler   stm32h7xx_it.o
    0x08004844   0x08004844   0x00000004   PAD
    0x08004848   0x08004848   0x0000006c   Code   RO          925    .text.NVIC_EncodePriority  stm32h7xx_hal_cortex.o
    0x080048b4   0x080048b4   0x00000004   PAD
    0x080048b8   0x080048b8   0x00000010   Code   RO           54    .text.OTG_HS_EP1_IN_IRQHandler  stm32h7xx_it.o
    0x080048c8   0x080048c8   0x00000010   Code   RO           52    .text.OTG_HS_EP1_OUT_IRQHandler  stm32h7xx_it.o
    0x080048d8   0x080048d8   0x00000010   Code   RO           56    .text.OTG_HS_IRQHandler  stm32h7xx_it.o
    0x080048e8   0x080048e8   0x0000008a   Code   RO          231    .text.PCD_EP_OutSetupPacket_int  stm32h7xx_hal_pcd.o
    0x08004972   0x08004972   0x00000006   PAD
    0x08004978   0x08004978   0x000001c8   Code   RO          229    .text.PCD_EP_OutXfrComplete_int  stm32h7xx_hal_pcd.o
    0x08004b40   0x08004b40   0x00000132   Code   RO          239    .text.PCD_WriteEmptyTxFifo  stm32h7xx_hal_pcd.o
    0x08004c72   0x08004c72   0x00000006   PAD
    0x08004c78   0x08004c78   0x00000002   Code   RO           48    .text.PendSV_Handler  stm32h7xx_it.o
    0x08004c7a   0x08004c7a   0x00000006   PAD
    0x08004c80   0x08004c80   0x000001ca   Code   RO          463    .text.RCCEx_PLL2_Config  stm32h7xx_hal_rcc_ex.o
    0x08004e4a   0x08004e4a   0x00000006   PAD
    0x08004e50   0x08004e50   0x000001ca   Code   RO          465    .text.RCCEx_PLL3_Config  stm32h7xx_hal_rcc_ex.o
    0x0800501a   0x0800501a   0x00000006   PAD
    0x08005020   0x08005020   0x00000002   Code   RO           44    .text.SVC_Handler   stm32h7xx_it.o
    0x08005022   0x08005022   0x00000006   PAD
    0x08005028   0x08005028   0x00000036   Code   RO         1408    .text.SWAPBYTE      usbd_ctlreq.o
    0x0800505e   0x0800505e   0x00000002   PAD
    0x08005060   0x08005060   0x00000052   Code   RO          941    .text.SysTick_Config  stm32h7xx_hal_cortex.o
    0x080050b2   0x080050b2   0x00000006   PAD
    0x080050b8   0x080050b8   0x00000008   Code   RO           50    .text.SysTick_Handler  stm32h7xx_it.o
    0x080050c0   0x080050c0   0x000000ea   Code   RO           17    .text.SystemClock_Config  main.o
    0x080051aa   0x080051aa   0x00000006   PAD
    0x080051b0   0x080051b0   0x00000160   Code   RO         1311    .text.SystemInit    system_stm32h7xx.o
    0x08005310   0x08005310   0x000000f4   Code   RO         1451    .text.USBD_CDC_DataIn  usbd_cdc.o
    0x08005404   0x08005404   0x00000004   PAD
    0x08005408   0x08005408   0x00000070   Code   RO         1453    .text.USBD_CDC_DataOut  usbd_cdc.o
    0x08005478   0x08005478   0x000000ec   Code   RO         1445    .text.USBD_CDC_DeInit  usbd_cdc.o
    0x08005564   0x08005564   0x00000004   PAD
    0x08005568   0x08005568   0x00000078   Code   RO         1449    .text.USBD_CDC_EP0_RxReady  usbd_cdc.o
    0x080055e0   0x080055e0   0x00000016   Code   RO         1461    .text.USBD_CDC_GetDeviceQualifierDescriptor  usbd_cdc.o
    0x080055f6   0x080055f6   0x00000002   PAD
    0x080055f8   0x080055f8   0x0000006c   Code   RO         1457    .text.USBD_CDC_GetFSCfgDesc  usbd_cdc.o
    0x08005664   0x08005664   0x00000004   PAD
    0x08005668   0x08005668   0x00000070   Code   RO         1455    .text.USBD_CDC_GetHSCfgDesc  usbd_cdc.o
    0x080056d8   0x080056d8   0x0000006c   Code   RO         1459    .text.USBD_CDC_GetOtherSpeedCfgDesc  usbd_cdc.o
    0x08005744   0x08005744   0x00000004   PAD
    0x08005748   0x08005748   0x0000021c   Code   RO         1443    .text.USBD_CDC_Init  usbd_cdc.o
    0x08005964   0x08005964   0x00000004   PAD
    0x08005968   0x08005968   0x0000007e   Code   RO         1471    .text.USBD_CDC_ReceivePacket  usbd_cdc.o
    0x080059e6   0x080059e6   0x00000002   PAD
    0x080059e8   0x080059e8   0x00000034   Code   RO         1463    .text.USBD_CDC_RegisterInterface  usbd_cdc.o
    0x08005a1c   0x08005a1c   0x00000004   PAD
    0x08005a20   0x08005a20   0x0000003c   Code   RO         1467    .text.USBD_CDC_SetRxBuffer  usbd_cdc.o
    0x08005a5c   0x08005a5c   0x00000004   PAD
    0x08005a60   0x08005a60   0x00000046   Code   RO         1465    .text.USBD_CDC_SetTxBuffer  usbd_cdc.o
    0x08005aa6   0x08005aa6   0x00000002   PAD
    0x08005aa8   0x08005aa8   0x000001cc   Code   RO         1447    .text.USBD_CDC_Setup  usbd_cdc.o
    0x08005c74   0x08005c74   0x00000004   PAD
    0x08005c78   0x08005c78   0x00000088   Code   RO         1469    .text.USBD_CDC_TransmitPacket  usbd_cdc.o
    0x08005d00   0x08005d00   0x00000032   Code   RO         1341    .text.USBD_ClrClassConfig  usbd_core.o
    0x08005d32   0x08005d32   0x00000006   PAD
    0x08005d38   0x08005d38   0x00000040   Code   RO         1398    .text.USBD_ClrFeature  usbd_ctlreq.o
    0x08005d78   0x08005d78   0x0000000e   Code   RO         1349    .text.USBD_CoreFindEP  usbd_core.o
    0x08005d86   0x08005d86   0x00000002   PAD
    0x08005d88   0x08005d88   0x0000000e   Code   RO         1347    .text.USBD_CoreFindIF  usbd_core.o
    0x08005d96   0x08005d96   0x00000002   PAD
    0x08005d98   0x08005d98   0x0000001e   Code   RO         1428    .text.USBD_CtlContinueRx  usbd_ioreq.o
    0x08005db6   0x08005db6   0x00000002   PAD
    0x08005db8   0x08005db8   0x0000001e   Code   RO         1424    .text.USBD_CtlContinueSendData  usbd_ioreq.o
    0x08005dd6   0x08005dd6   0x00000002   PAD
    0x08005dd8   0x08005dd8   0x0000001c   Code   RO         1400    .text.USBD_CtlError  usbd_ctlreq.o
    0x08005df4   0x08005df4   0x00000004   PAD
    0x08005df8   0x08005df8   0x00000036   Code   RO         1426    .text.USBD_CtlPrepareRx  usbd_ioreq.o
    0x08005e2e   0x08005e2e   0x00000002   PAD
    0x08005e30   0x08005e30   0x00000022   Code   RO         1432    .text.USBD_CtlReceiveStatus  usbd_ioreq.o
    0x08005e52   0x08005e52   0x00000006   PAD
    0x08005e58   0x08005e58   0x00000032   Code   RO         1422    .text.USBD_CtlSendData  usbd_ioreq.o
    0x08005e8a   0x08005e8a   0x00000006   PAD
    0x08005e90   0x08005e90   0x00000022   Code   RO         1430    .text.USBD_CtlSendStatus  usbd_ioreq.o
    0x08005eb2   0x08005eb2   0x00000006   PAD
    0x08005eb8   0x08005eb8   0x00000064   Code   RO         1392    .text.USBD_GetConfig  usbd_ctlreq.o
    0x08005f1c   0x08005f1c   0x00000004   PAD
    0x08005f20   0x08005f20   0x0000030e   Code   RO         1386    .text.USBD_GetDescriptor  usbd_ctlreq.o
    0x0800622e   0x0800622e   0x00000002   PAD
    0x08006230   0x08006230   0x00000076   Code   RO         1371    .text.USBD_GetEpDesc  usbd_core.o
    0x080062a6   0x080062a6   0x00000002   PAD
    0x080062a8   0x080062a8   0x00000032   Code   RO         1412    .text.USBD_GetLen   usbd_ctlreq.o
    0x080062da   0x080062da   0x00000006   PAD
    0x080062e0   0x080062e0   0x00000026   Code   RO         1373    .text.USBD_GetNextDesc  usbd_core.o
    0x08006306   0x08006306   0x00000002   PAD
    0x08006308   0x08006308   0x00000062   Code   RO         1394    .text.USBD_GetStatus  usbd_ctlreq.o
    0x0800636a   0x0800636a   0x00000006   PAD
    0x08006370   0x08006370   0x000000bc   Code   RO         1410    .text.USBD_GetString  usbd_ctlreq.o
    0x0800642c   0x0800642c   0x00000004   PAD
    0x08006430   0x08006430   0x00000052   Code   RO          174    .text.USBD_Get_USB_Status  usbd_conf.o
    0x08006482   0x08006482   0x00000006   PAD
    0x08006488   0x08006488   0x0000004e   Code   RO           92    .text.USBD_HS_ConfigStrDescriptor  usbd_desc.o
    0x080064d6   0x080064d6   0x00000002   PAD
    0x080064d8   0x080064d8   0x0000001a   Code   RO           82    .text.USBD_HS_DeviceDescriptor  usbd_desc.o
    0x080064f2   0x080064f2   0x00000006   PAD
    0x080064f8   0x080064f8   0x0000004e   Code   RO           94    .text.USBD_HS_InterfaceStrDescriptor  usbd_desc.o
    0x08006546   0x08006546   0x00000002   PAD
    0x08006548   0x08006548   0x0000001a   Code   RO           84    .text.USBD_HS_LangIDStrDescriptor  usbd_desc.o
    0x08006562   0x08006562   0x00000006   PAD
    0x08006568   0x08006568   0x00000028   Code   RO           86    .text.USBD_HS_ManufacturerStrDescriptor  usbd_desc.o
    0x08006590   0x08006590   0x0000004e   Code   RO           88    .text.USBD_HS_ProductStrDescriptor  usbd_desc.o
    0x080065de   0x080065de   0x00000002   PAD
    0x080065e0   0x080065e0   0x00000020   Code   RO           90    .text.USBD_HS_SerialStrDescriptor  usbd_desc.o
    0x08006600   0x08006600   0x0000006a   Code   RO         1327    .text.USBD_Init     usbd_core.o
    0x0800666a   0x0800666a   0x00000006   PAD
    0x08006670   0x08006670   0x0000003a   Code   RO          188    .text.USBD_LL_ClearStallEP  usbd_conf.o
    0x080066aa   0x080066aa   0x00000006   PAD
    0x080066b0   0x080066b0   0x0000003a   Code   RO          182    .text.USBD_LL_CloseEP  usbd_conf.o
    0x080066ea   0x080066ea   0x00000006   PAD
    0x080066f0   0x080066f0   0x00000190   Code   RO         1351    .text.USBD_LL_DataInStage  usbd_core.o
    0x08006880   0x08006880   0x000001b2   Code   RO         1345    .text.USBD_LL_DataOutStage  usbd_core.o
    0x08006a32   0x08006a32   0x00000006   PAD
    0x08006a38   0x08006a38   0x0000000a   Code   RO         1367    .text.USBD_LL_DevConnected  usbd_core.o
    0x08006a42   0x08006a42   0x00000006   PAD
    0x08006a48   0x08006a48   0x00000040   Code   RO         1369    .text.USBD_LL_DevDisconnected  usbd_core.o
    0x08006a88   0x08006a88   0x0000001c   Code   RO          198    .text.USBD_LL_GetRxDataSize  usbd_conf.o
    0x08006aa4   0x08006aa4   0x00000004   PAD
    0x08006aa8   0x08006aa8   0x00000088   Code   RO          170    .text.USBD_LL_Init  usbd_conf.o
    0x08006b30   0x08006b30   0x0000005a   Code   RO          190    .text.USBD_LL_IsStallEP  usbd_conf.o
    0x08006b8a   0x08006b8a   0x00000006   PAD
    0x08006b90   0x08006b90   0x0000006e   Code   RO         1363    .text.USBD_LL_IsoINIncomplete  usbd_core.o
    0x08006bfe   0x08006bfe   0x00000002   PAD
    0x08006c00   0x08006c00   0x0000006e   Code   RO         1365    .text.USBD_LL_IsoOUTIncomplete  usbd_core.o
    0x08006c6e   0x08006c6e   0x00000002   PAD
    0x08006c70   0x08006c70   0x0000004a   Code   RO          180    .text.USBD_LL_OpenEP  usbd_conf.o
    0x08006cba   0x08006cba   0x00000006   PAD
    0x08006cc0   0x08006cc0   0x00000042   Code   RO          196    .text.USBD_LL_PrepareReceive  usbd_conf.o
    0x08006d02   0x08006d02   0x00000006   PAD
    0x08006d08   0x08006d08   0x0000009c   Code   RO         1353    .text.USBD_LL_Reset  usbd_core.o
    0x08006da4   0x08006da4   0x00000004   PAD
    0x08006da8   0x08006da8   0x00000024   Code   RO         1359    .text.USBD_LL_Resume  usbd_core.o
    0x08006dcc   0x08006dcc   0x00000004   PAD
    0x08006dd0   0x08006dd0   0x0000003e   Code   RO         1361    .text.USBD_LL_SOF   usbd_core.o
    0x08006e0e   0x08006e0e   0x00000002   PAD
    0x08006e10   0x08006e10   0x00000016   Code   RO         1355    .text.USBD_LL_SetSpeed  usbd_core.o
    0x08006e26   0x08006e26   0x00000002   PAD
    0x08006e28   0x08006e28   0x0000003a   Code   RO          192    .text.USBD_LL_SetUSBAddress  usbd_conf.o
    0x08006e62   0x08006e62   0x00000006   PAD
    0x08006e68   0x08006e68   0x00000094   Code   RO         1343    .text.USBD_LL_SetupStage  usbd_core.o
    0x08006efc   0x08006efc   0x00000004   PAD
    0x08006f00   0x08006f00   0x0000003a   Code   RO          186    .text.USBD_LL_StallEP  usbd_conf.o
    0x08006f3a   0x08006f3a   0x00000006   PAD
    0x08006f40   0x08006f40   0x00000032   Code   RO          176    .text.USBD_LL_Start  usbd_conf.o
    0x08006f72   0x08006f72   0x00000006   PAD
    0x08006f78   0x08006f78   0x0000002c   Code   RO         1357    .text.USBD_LL_Suspend  usbd_core.o
    0x08006fa4   0x08006fa4   0x00000004   PAD
    0x08006fa8   0x08006fa8   0x00000042   Code   RO          194    .text.USBD_LL_Transmit  usbd_conf.o
    0x08006fea   0x08006fea   0x00000006   PAD
    0x08006ff0   0x08006ff0   0x00000062   Code   RO         1406    .text.USBD_ParseSetupRequest  usbd_ctlreq.o
    0x08007052   0x08007052   0x00000006   PAD
    0x08007058   0x08007058   0x00000072   Code   RO         1331    .text.USBD_RegisterClass  usbd_core.o
    0x080070ca   0x080070ca   0x00000006   PAD
    0x080070d0   0x080070d0   0x0000000a   Code   RO         1337    .text.USBD_RunTestMode  usbd_core.o
    0x080070da   0x080070da   0x00000006   PAD
    0x080070e0   0x080070e0   0x0000008c   Code   RO         1388    .text.USBD_SetAddress  usbd_ctlreq.o
    0x0800716c   0x0800716c   0x00000004   PAD
    0x08007170   0x08007170   0x00000036   Code   RO         1339    .text.USBD_SetClassConfig  usbd_core.o
    0x080071a6   0x080071a6   0x00000002   PAD
    0x080071a8   0x080071a8   0x0000017e   Code   RO         1390    .text.USBD_SetConfig  usbd_ctlreq.o
    0x08007326   0x08007326   0x00000002   PAD
    0x08007328   0x08007328   0x0000004e   Code   RO         1396    .text.USBD_SetFeature  usbd_ctlreq.o
    0x08007376   0x08007376   0x00000002   PAD
    0x08007378   0x08007378   0x00000010   Code   RO         1333    .text.USBD_Start    usbd_core.o
    0x08007388   0x08007388   0x000000bc   Code   RO         1382    .text.USBD_StdDevReq  usbd_ctlreq.o
    0x08007444   0x08007444   0x00000004   PAD
    0x08007448   0x08007448   0x000003ac   Code   RO         1404    .text.USBD_StdEPReq  usbd_ctlreq.o
    0x080077f4   0x080077f4   0x00000004   PAD
    0x080077f8   0x080077f8   0x0000010a   Code   RO         1402    .text.USBD_StdItfReq  usbd_ctlreq.o
    0x08007902   0x08007902   0x00000006   PAD
    0x08007908   0x08007908   0x00000092   Code   RO         1384    .text.USBD_WinUSBGetDescriptor  usbd_ctlreq.o
    0x0800799a   0x0800799a   0x00000006   PAD
    0x080079a0   0x080079a0   0x00000016   Code   RO           96    .text.USBD_WinUSBOSFeatureDescriptor  usbd_desc.o
    0x080079b6   0x080079b6   0x00000002   PAD
    0x080079b8   0x080079b8   0x00000016   Code   RO           98    .text.USBD_WinUSBOSPropertyDescriptor  usbd_desc.o
    0x080079ce   0x080079ce   0x00000002   PAD
    0x080079d0   0x080079d0   0x00000024   Code   RO          102    .text.USBD_WinUSBOSStrDescriptor  usbd_desc.o
    0x080079f4   0x080079f4   0x00000004   PAD
    0x080079f8   0x080079f8   0x00000008   Code   RO          202    .text.USBD_static_free  usbd_conf.o
    0x08007a00   0x08007a00   0x00000010   Code   RO          200    .text.USBD_static_malloc  usbd_conf.o
    0x08007a10   0x08007a10   0x000000de   Code   RO          345    .text.USB_ActivateEndpoint  stm32h7xx_ll_usb.o
    0x08007aee   0x08007aee   0x00000002   PAD
    0x08007af0   0x08007af0   0x0000002c   Code   RO          387    .text.USB_ActivateSetup  stm32h7xx_ll_usb.o
    0x08007b1c   0x08007b1c   0x00000004   PAD
    0x08007b20   0x08007b20   0x000000ec   Code   RO          321    .text.USB_CoreInit  stm32h7xx_ll_usb.o
    0x08007c0c   0x08007c0c   0x00000004   PAD
    0x08007c10   0x08007c10   0x00000076   Code   RO          323    .text.USB_CoreReset  stm32h7xx_ll_usb.o
    0x08007c86   0x08007c86   0x00000002   PAD
    0x08007c88   0x08007c88   0x00000138   Code   RO          349    .text.USB_DeactivateEndpoint  stm32h7xx_ll_usb.o
    0x08007dc0   0x08007dc0   0x0000002a   Code   RO          369    .text.USB_DevConnect  stm32h7xx_ll_usb.o
    0x08007dea   0x08007dea   0x00000006   PAD
    0x08007df0   0x08007df0   0x0000002a   Code   RO          371    .text.USB_DevDisconnect  stm32h7xx_ll_usb.o
    0x08007e1a   0x08007e1a   0x00000006   PAD
    0x08007e20   0x08007e20   0x00000290   Code   RO          335    .text.USB_DevInit   stm32h7xx_ll_usb.o
    0x080080b0   0x080080b0   0x00000014   Code   RO          329    .text.USB_DisableGlobalInt  stm32h7xx_ll_usb.o
    0x080080c4   0x080080c4   0x00000004   PAD
    0x080080c8   0x080080c8   0x0000009e   Code   RO          389    .text.USB_EP0_OutStart  stm32h7xx_ll_usb.o
    0x08008166   0x08008166   0x00000002   PAD
    0x08008168   0x08008168   0x000000a0   Code   RO          363    .text.USB_EPClearStall  stm32h7xx_ll_usb.o
    0x08008208   0x08008208   0x000000a8   Code   RO          361    .text.USB_EPSetStall  stm32h7xx_ll_usb.o
    0x080082b0   0x080082b0   0x000003f8   Code   RO          353    .text.USB_EPStartXfer  stm32h7xx_ll_usb.o
    0x080086a8   0x080086a8   0x0000011c   Code   RO          357    .text.USB_EPStopXfer  stm32h7xx_ll_usb.o
    0x080087c4   0x080087c4   0x00000004   PAD
    0x080087c8   0x080087c8   0x00000014   Code   RO          327    .text.USB_EnableGlobalInt  stm32h7xx_ll_usb.o
    0x080087dc   0x080087dc   0x00000004   PAD
    0x080087e0   0x080087e0   0x00000074   Code   RO          341    .text.USB_FlushRxFifo  stm32h7xx_ll_usb.o
    0x08008854   0x08008854   0x00000004   PAD
    0x08008858   0x08008858   0x0000007a   Code   RO          339    .text.USB_FlushTxFifo  stm32h7xx_ll_usb.o
    0x080088d2   0x080088d2   0x00000006   PAD
    0x080088d8   0x080088d8   0x0000004c   Code   RO          343    .text.USB_GetDevSpeed  stm32h7xx_ll_usb.o
    0x08008924   0x08008924   0x00000004   PAD
    0x08008928   0x08008928   0x00000010   Code   RO          333    .text.USB_GetMode   stm32h7xx_ll_usb.o
    0x08008938   0x08008938   0x00000024   Code   RO          379    .text.USB_ReadDevAllInEpInterrupt  stm32h7xx_ll_usb.o
    0x0800895c   0x0800895c   0x00000004   PAD
    0x08008960   0x08008960   0x00000024   Code   RO          377    .text.USB_ReadDevAllOutEpInterrupt  stm32h7xx_ll_usb.o
    0x08008984   0x08008984   0x00000004   PAD
    0x08008988   0x08008988   0x0000004e   Code   RO          383    .text.USB_ReadDevInEPInterrupt  stm32h7xx_ll_usb.o
    0x080089d6   0x080089d6   0x00000002   PAD
    0x080089d8   0x080089d8   0x0000002e   Code   RO          381    .text.USB_ReadDevOutEPInterrupt  stm32h7xx_ll_usb.o
    0x08008a06   0x08008a06   0x00000002   PAD
    0x08008a08   0x08008a08   0x0000001a   Code   RO          373    .text.USB_ReadInterrupts  stm32h7xx_ll_usb.o
    0x08008a22   0x08008a22   0x00000006   PAD
    0x08008a28   0x08008a28   0x000000b4   Code   RO          359    .text.USB_ReadPacket  stm32h7xx_ll_usb.o
    0x08008adc   0x08008adc   0x00000004   PAD
    0x08008ae0   0x08008ae0   0x000000de   Code   RO          331    .text.USB_SetCurrentMode  stm32h7xx_ll_usb.o
    0x08008bbe   0x08008bbe   0x00000002   PAD
    0x08008bc0   0x08008bc0   0x00000036   Code   RO          367    .text.USB_SetDevAddress  stm32h7xx_ll_usb.o
    0x08008bf6   0x08008bf6   0x00000002   PAD
    0x08008bf8   0x08008bf8   0x00000022   Code   RO          337    .text.USB_SetDevSpeed  stm32h7xx_ll_usb.o
    0x08008c1a   0x08008c1a   0x00000006   PAD
    0x08008c20   0x08008c20   0x000001ba   Code   RO          325    .text.USB_SetTurnaroundTime  stm32h7xx_ll_usb.o
    0x08008dda   0x08008dda   0x00000006   PAD
    0x08008de0   0x08008de0   0x00000082   Code   RO          355    .text.USB_WritePacket  stm32h7xx_ll_usb.o
    0x08008e62   0x08008e62   0x00000006   PAD
    0x08008e68   0x08008e68   0x00000004   Code   RO           42    .text.UsageFault_Handler  stm32h7xx_it.o
    0x08008e6c   0x08008e6c   0x00000004   PAD
    0x08008e70   0x08008e70   0x00000054   Code   RO           11    .text.WinUSB_Receive_HS  main.o
    0x08008ec4   0x08008ec4   0x00000004   PAD
    0x08008ec8   0x08008ec8   0x00000030   Code   RO          929    .text.__NVIC_EnableIRQ  stm32h7xx_hal_cortex.o
    0x08008ef8   0x08008ef8   0x00000010   Code   RO          921    .text.__NVIC_GetPriorityGrouping  stm32h7xx_hal_cortex.o
    0x08008f08   0x08008f08   0x00000042   Code   RO          923    .text.__NVIC_SetPriority  stm32h7xx_hal_cortex.o
    0x08008f4a   0x08008f4a   0x00000006   PAD
    0x08008f50   0x08008f50   0x0000003c   Code   RO          917    .text.__NVIC_SetPriorityGrouping  stm32h7xx_hal_cortex.o
    0x08008f8c   0x08008f8c   0x00000004   PAD
    0x08008f90   0x08008f90   0x00000024   Code   RO           13    .text.main          main.o
    0x08008fb4   0x08008fb4   0x0000001a   Code   RO         1580    x$fpl$fpinit        fz_wv.l(fpinit.o)
    0x08008fce   0x08008fce   0x00000010   Data   RO         1319    .rodata.D1CorePrescTable  system_stm32h7xx.o
    0x08008fde   0x08008fde   0x00000008   Data   RO          114    .rodata.USBD_OS_STRING  usbd_desc.o
    0x08008fe6   0x08008fe6   0x00000036   Data   RO          112    .rodata.str1.1      usbd_desc.o
    0x0800901c   0x0800901c   0x00000020   Data   RO         1655    Region$$Table       anon$$obj.o


    Execution Region RW_IRAM1 (Exec base: 0x20000000, Load base: 0x0800903c, Size: 0x00000000, Max: 0x00020000, ABSOLUTE)

    **** No section assigned to this execution region ****


    Execution Region RW_IRAM2 (Exec base: 0x24000000, Load base: 0x08009040, Size: 0x00017df0, Max: 0x00080000, ABSOLUTE, COMPRESSED[0x00000110])

    Exec Addr    Load Addr    Size         Type   Attr      Idx    E Section Name        Object

    0x24000000   COMPRESSED   0x00000001   Data   RW         1478    .data.CDCCmdEpAdd   usbd_cdc.o
    0x24000001   COMPRESSED   0x00000001   Data   RW         1476    .data.CDCInEpAdd    usbd_cdc.o
    0x24000002   COMPRESSED   0x00000001   Data   RW         1477    .data.CDCOutEpAdd   usbd_cdc.o
    0x24000003   COMPRESSED   0x00000001   PAD
    0x24000004   COMPRESSED   0x00000024   Data   RW          106    .data.HS_Desc       usbd_desc.o
    0x24000028   COMPRESSED   0x00000004   Data   RW         1317    .data.SystemCoreClock  system_stm32h7xx.o
    0x2400002c   COMPRESSED   0x00000004   Data   RW         1318    .data.SystemD2Clock  system_stm32h7xx.o
    0x24000030   COMPRESSED   0x0000003c   Data   RW         1473    .data.USBD_CDC      usbd_cdc.o
    0x2400006c   COMPRESSED   0x00000020   Data   RW         1474    .data.USBD_CDC_CfgDesc  usbd_cdc.o
    0x2400008c   COMPRESSED   0x0000000a   Data   RW         1475    .data.USBD_CDC_DeviceQualifierDesc  usbd_cdc.o
    0x24000096   COMPRESSED   0x00000002   PAD
    0x24000098   COMPRESSED   0x00000012   Data   RW          107    .data.USBD_HS_DeviceDesc  usbd_desc.o
    0x240000aa   COMPRESSED   0x00000002   PAD
    0x240000ac   COMPRESSED   0x00000014   Data   RW          134    .data.USBD_Interface_fops_HS  usbd_cdc_if.o
    0x240000c0   COMPRESSED   0x00000004   Data   RW          110    .data.USBD_LangIDDesc  usbd_desc.o
    0x240000c4   COMPRESSED   0x0000001a   Data   RW          111    .data.USBD_StringSerial  usbd_desc.o
    0x240000de   COMPRESSED   0x00000002   PAD
    0x240000e0   COMPRESSED   0x00000028   Data   RW          108    .data.USBD_WINUSB_OSFeatureDesc  usbd_desc.o
    0x24000108   COMPRESSED   0x0000008e   Data   RW          109    .data.USBD_WINUSB_OSPropertyDesc  usbd_desc.o
    0x24000196   COMPRESSED   0x00000001   Data   RW         1089    .data.uwTickFreq    stm32h7xx_hal.o
    0x24000197   COMPRESSED   0x00000001   PAD
    0x24000198   COMPRESSED   0x00000004   Data   RW         1088    .data.uwTickPrio    stm32h7xx_hal.o
    0x2400019c   COMPRESSED   0x00000004   PAD
    0x240001a0        -       0x00000060   Zero   RW         1520    .bss                c_w.l(libspace.o)
    0x24000200        -       0x00000001   Zero   RW         1414    .bss.USBD_SetConfig.cfgidx  usbd_ctlreq.o
    0x24000201   COMPRESSED   0x00000003   PAD
    0x24000204        -       0x00000200   Zero   RW          113    .bss.USBD_StrDesc   usbd_desc.o
    0x24000404        -       0x00000220   Zero   RW          207    .bss.USBD_static_malloc.mem  usbd_conf.o
    0x24000624        -       0x00000800   Zero   RW          135    .bss.UserRxBufferHS  usbd_cdc_if.o
    0x24000e24        -       0x00000800   Zero   RW          136    .bss.UserTxBufferHS  usbd_cdc_if.o
    0x24001624        -       0x000002dc   Zero   RW           75    .bss.hUsbDeviceHS   usb_device.o
    0x24001900        -       0x000004e4   Zero   RW          206    .bss.hpcd_USB_OTG_HS  usbd_conf.o
    0x24001de4        -       0x00000800   Zero   RW           24    .bss.usb_rx         main.o
    0x240025e4        -       0x00000001   Zero   RW           23    .bss.usb_rxne       main.o
    0x240025e5        -       0x00014000   Zero   RW           25    .bss.usb_tx         main.o
    0x240165e5   COMPRESSED   0x00000003   PAD
    0x240165e8        -       0x00000004   Zero   RW         1090    .bss.uwTick         stm32h7xx_hal.o
    0x240165ec   COMPRESSED   0x00000004   PAD
    0x240165f0        -       0x00000800   Zero   RW            2    HEAP                startup_stm32h750xx.o
    0x24016df0        -       0x00001000   Zero   RW            1    STACK               startup_stm32h750xx.o


==============================================================================

Image component sizes


      Code (inc. data)   RO Data    RW Data    ZI Data      Debug   Object Name

       550          0          0          0      83969       5574   main.o
        72         30        664          0       6144        828   startup_stm32h750xx.o
       374          0          0          5          4      13748   stm32h7xx_hal.o
       688          0          0          0          0      11541   stm32h7xx_hal_cortex.o
       964          0          0          0          0       6994   stm32h7xx_hal_gpio.o
        36          0          0          0          0       2206   stm32h7xx_hal_msp.o
      5044          0          0          0          0      14265   stm32h7xx_hal_pcd.o
       246          0          0          0          0       5468   stm32h7xx_hal_pcd_ex.o
       180          0          0          0          0      10335   stm32h7xx_hal_pwr_ex.o
      4950         66          0          0          0      11871   stm32h7xx_hal_rcc.o
      5172         64          0          0          0      19262   stm32h7xx_hal_rcc_ex.o
        82          0          0          0          0       1285   stm32h7xx_it.o
      5112          0          0          0          0      19811   stm32h7xx_ll_usb.o
       392          0         16          8          0       6126   system_stm32h7xx.o
       122          0          0          0        732       3207   usb_device.o
      2506         12          0        105          0      11134   usbd_cdc.o
       302         36          0         20       4096       2567   usbd_cdc_if.o
      1632          4          0          0       1796      19097   usbd_conf.o
      2130          0          0          0          0       9015   usbd_core.o
      3602         24          0          0          1       8906   usbd_ctlreq.o
       652          0         62        266        512       3755   usbd_desc.o
       232          0          0          0          0       4251   usbd_ioreq.o

    ----------------------------------------------------------------------
     35700        236        774        412      97268     191246   Object Totals
         0          0         32          0          0          0   (incl. Generated)
       660          0          0          8         14          0   (incl. Padding)

    ----------------------------------------------------------------------

      Code (inc. data)   RO Data    RW Data    ZI Data      Debug   Library Member Name

        90          0          0          0          0          0   __dczerorl2.o
         8          0          0          0          0         68   __main.o
         0          0          0          0          0          0   __rtentry.o
        12          0          0          0          0          0   __rtentry2.o
         6          0          0          0          0          0   __rtentry4.o
        52          8          0          0          0          0   __scatter.o
        28          0          0          0          0          0   __scatter_zi.o
        18          0          0          0          0         80   exit.o
         6          0          0          0          0        152   heapauxi.o
         0          0          0          0          0          0   indicate_semi.o
         2          0          0          0          0          0   libinit.o
         6          0          0          0          0          0   libinit2.o
         2          0          0          0          0          0   libshutdown.o
         2          0          0          0          0          0   libshutdown2.o
         8          4          0          0         96         68   libspace.o
        78          0          0          0          0         80   rt_memclr_w.o
         2          0          0          0          0          0   rtexit.o
        10          0          0          0          0          0   rtexit2.o
        12          4          0          0          0         68   sys_exit.o
        74          0          0          0          0         80   sys_stackheap_outer.o
         2          0          0          0          0         68   use_no_semi.o
        26          0          0          0          0        116   fpinit.o

    ----------------------------------------------------------------------
       450         16          0          0         96        780   Library Totals
         6          0          0          0          0          0   (incl. Padding)

    ----------------------------------------------------------------------

      Code (inc. data)   RO Data    RW Data    ZI Data      Debug   Library Name

       418         16          0          0         96        664   c_w.l
        26          0          0          0          0        116   fz_wv.l

    ----------------------------------------------------------------------
       450         16          0          0         96        780   Library Totals

    ----------------------------------------------------------------------

==============================================================================


      Code (inc. data)   RO Data    RW Data    ZI Data      Debug   

     36150        252        774        412      97364     191418   Grand Totals
     36150        252        774        272      97364     191418   ELF Image Totals (compressed)
     36150        252        774        272          0          0   ROM Totals

==============================================================================

    Total RO  Size (Code + RO Data)                36924 (  36.06kB)
    Total RW  Size (RW Data + ZI Data)             97776 (  95.48kB)
    Total ROM Size (Code + RO Data + RW Data)      37196 (  36.32kB)

==============================================================================

